Archive member included to satisfy reference by file (symbol)

/Users/nicolas/Documents/git/orieg/expanse/.claude/worktrees/t598/target/thumbv7em-none-eabihf/release/libexpanse.a(expanse.expanse.43895a5c0805d95-cgu.0.rcgu.o)
                              /var/folders/ht/8ys5k1fx16d978vsb3m0snrc0000gn/T//ccjuM18D.o (expanse_map_first)
/Users/nicolas/Documents/git/orieg/expanse/.claude/worktrees/t598/target/thumbv7em-none-eabihf/release/libexpanse.a(expanse.etalm2b5pvfui6ji1g2a2exjn.rcgu.o)
                              /Users/nicolas/Documents/git/orieg/expanse/.claude/worktrees/t598/target/thumbv7em-none-eabihf/release/libexpanse.a(expanse.expanse.43895a5c0805d95-cgu.0.rcgu.o) (__rustc::__rust_no_alloc_shim_is_unstable_v2)
/Users/nicolas/Documents/git/orieg/expanse/.claude/worktrees/t598/target/thumbv7em-none-eabihf/release/libexpanse.a(expanse_trie-eb238e83d9d68825.expanse_trie.6fcb78b46f183cd1-cgu.0.rcgu.o)
                              /Users/nicolas/Documents/git/orieg/expanse/.claude/worktrees/t598/target/thumbv7em-none-eabihf/release/libexpanse.a(expanse.expanse.43895a5c0805d95-cgu.0.rcgu.o) (<expanse_trie::trie32::Arena>::map_bitmap_mut)
/Users/nicolas/Documents/git/orieg/expanse/.claude/worktrees/t598/target/thumbv7em-none-eabihf/release/libexpanse.a(alloc-82de6ff075625ae2.alloc.7c6e35d26aa33957-cgu.0.rcgu.o)
                              /Users/nicolas/Documents/git/orieg/expanse/.claude/worktrees/t598/target/thumbv7em-none-eabihf/release/libexpanse.a(expanse.expanse.43895a5c0805d95-cgu.0.rcgu.o) (alloc::raw_vec::handle_error)
/Users/nicolas/Documents/git/orieg/expanse/.claude/worktrees/t598/target/thumbv7em-none-eabihf/release/libexpanse.a(core-b051ae6fb69dc3bd.core.bb85018212ee162e-cgu.0.rcgu.o)
                              /Users/nicolas/Documents/git/orieg/expanse/.claude/worktrees/t598/target/thumbv7em-none-eabihf/release/libexpanse.a(expanse.expanse.43895a5c0805d95-cgu.0.rcgu.o) (core::panicking::panic)
/Users/nicolas/Documents/git/orieg/expanse/.claude/worktrees/t598/target/thumbv7em-none-eabihf/release/libexpanse.a(compiler_builtins-e1da20a5d04d68cd.compiler_builtins.bc0ec444ab64036b-cgu.113.rcgu.o)
                              /Users/nicolas/Documents/git/orieg/expanse/.claude/worktrees/t598/target/thumbv7em-none-eabihf/release/libexpanse.a(core-b051ae6fb69dc3bd.core.bb85018212ee162e-cgu.0.rcgu.o) (memcmp)
/Users/nicolas/Documents/git/orieg/expanse/.claude/worktrees/t598/target/thumbv7em-none-eabihf/release/libexpanse.a(compiler_builtins-e1da20a5d04d68cd.compiler_builtins.bc0ec444ab64036b-cgu.139.rcgu.o)
                              /Users/nicolas/Documents/git/orieg/expanse/.claude/worktrees/t598/target/thumbv7em-none-eabihf/release/libexpanse.a(alloc-82de6ff075625ae2.alloc.7c6e35d26aa33957-cgu.0.rcgu.o) (strlen)
/Users/nicolas/Documents/git/orieg/expanse/.claude/worktrees/t598/target/thumbv7em-none-eabihf/release/libexpanse.a(compiler_builtins-e1da20a5d04d68cd.compiler_builtins.bc0ec444ab64036b-cgu.183.rcgu.o)
                              /Users/nicolas/Documents/git/orieg/expanse/.claude/worktrees/t598/target/thumbv7em-none-eabihf/release/libexpanse.a(expanse_trie-eb238e83d9d68825.expanse_trie.6fcb78b46f183cd1-cgu.0.rcgu.o) (__aeabi_memcpy8)
/Users/nicolas/Documents/git/orieg/expanse/.claude/worktrees/t598/target/thumbv7em-none-eabihf/release/libexpanse.a(compiler_builtins-e1da20a5d04d68cd.compiler_builtins.bc0ec444ab64036b-cgu.189.rcgu.o)
                              /var/folders/ht/8ys5k1fx16d978vsb3m0snrc0000gn/T//cciTrbIe.o (memset)
/Users/nicolas/Documents/git/orieg/expanse/.claude/worktrees/t598/target/thumbv7em-none-eabihf/release/libexpanse.a(compiler_builtins-e1da20a5d04d68cd.compiler_builtins.bc0ec444ab64036b-cgu.221.rcgu.o)
                              /Users/nicolas/Documents/git/orieg/expanse/.claude/worktrees/t598/target/thumbv7em-none-eabihf/release/libexpanse.a(core-b051ae6fb69dc3bd.core.bb85018212ee162e-cgu.0.rcgu.o) (__aeabi_dcmplt)
/Users/nicolas/Documents/git/orieg/expanse/.claude/worktrees/t598/target/thumbv7em-none-eabihf/release/libexpanse.a(compiler_builtins-e1da20a5d04d68cd.compiler_builtins.bc0ec444ab64036b-cgu.231.rcgu.o)
                              /Users/nicolas/Documents/git/orieg/expanse/.claude/worktrees/t598/target/thumbv7em-none-eabihf/release/libexpanse.a(expanse.expanse.43895a5c0805d95-cgu.0.rcgu.o) (__aeabi_memclr4)
/Users/nicolas/Documents/git/orieg/expanse/.claude/worktrees/t598/target/thumbv7em-none-eabihf/release/libexpanse.a(compiler_builtins-e1da20a5d04d68cd.compiler_builtins.bc0ec444ab64036b-cgu.264.rcgu.o)
                              /Users/nicolas/Documents/git/orieg/expanse/.claude/worktrees/t598/target/thumbv7em-none-eabihf/release/libexpanse.a(core-b051ae6fb69dc3bd.core.bb85018212ee162e-cgu.0.rcgu.o) (__aeabi_ddiv)
/Users/nicolas/Documents/git/orieg/expanse/.claude/worktrees/t598/target/thumbv7em-none-eabihf/release/libexpanse.a(compiler_builtins-e1da20a5d04d68cd.compiler_builtins.bc0ec444ab64036b-cgu.284.rcgu.o)
[...]
Memory Configuration

Name             Origin             Length             Attributes
FLASH            0x08000000         0x00100000         xr
DTCM             0x20000000         0x00020000         xrw
AXI              0x24000000         0x00080000         xrw
*default*        0x00000000         0xffffffff

Linker script and memory map

LOAD /var/folders/ht/8ys5k1fx16d978vsb3m0snrc0000gn/T//cciTrbIe.o
LOAD /var/folders/ht/8ys5k1fx16d978vsb3m0snrc0000gn/T//ccjuM18D.o
LOAD /Users/nicolas/Documents/git/orieg/expanse/.claude/worktrees/t598/target/thumbv7em-none-eabihf/release/libexpanse.a
LOAD /Applications/ArmGNUToolchain/14.3.rel1/arm-none-eabi/bin/../lib/gcc/arm-none-eabi/14.3.1/../../../../arm-none-eabi/lib/thumb/v7e-m+dp/hard/libc.a
LOAD /Applications/ArmGNUToolchain/14.3.rel1/arm-none-eabi/bin/../lib/gcc/arm-none-eabi/14.3.1/thumb/v7e-m+dp/hard/libgcc.a
START GROUP
LOAD /Applications/ArmGNUToolchain/14.3.rel1/arm-none-eabi/bin/../lib/gcc/arm-none-eabi/14.3.1/thumb/v7e-m+dp/hard/libgcc.a
LOAD /Applications/ArmGNUToolchain/14.3.rel1/arm-none-eabi/bin/../lib/gcc/arm-none-eabi/14.3.1/../../../../arm-none-eabi/lib/thumb/v7e-m+dp/hard/libg.a
LOAD /Applications/ArmGNUToolchain/14.3.rel1/arm-none-eabi/bin/../lib/gcc/arm-none-eabi/14.3.1/../../../../arm-none-eabi/lib/thumb/v7e-m+dp/hard/libc.a
END GROUP
START GROUP
LOAD /Applications/ArmGNUToolchain/14.3.rel1/arm-none-eabi/bin/../lib/gcc/arm-none-eabi/14.3.1/thumb/v7e-m+dp/hard/libgcc.a
LOAD /Applications/ArmGNUToolchain/14.3.rel1/arm-none-eabi/bin/../lib/gcc/arm-none-eabi/14.3.1/../../../../arm-none-eabi/lib/thumb/v7e-m+dp/hard/libc.a
LOAD /Applications/ArmGNUToolchain/14.3.rel1/arm-none-eabi/bin/../lib/gcc/arm-none-eabi/14.3.1/../../../../arm-none-eabi/lib/thumb/v7e-m+dp/hard/libnosys.a
END GROUP
                0x20020000                        _estack = (ORIGIN (DTCM) + LENGTH (DTCM))
                0x24000000                        _heap_start = ORIGIN (AXI)
                0x24080000                        _heap_end = (ORIGIN (AXI) + LENGTH (AXI))

.isr_vector     0x08000000       0x80
                0x08000000                        . = ALIGN (0x4)
 *(.isr_vector)
 .isr_vector    0x08000000       0x80 /var/folders/ht/8ys5k1fx16d978vsb3m0snrc0000gn/T//cciTrbIe.o
                0x08000000                vector_table
                0x08000080                        . = ALIGN (0x4)

.text           0x08000080    0x1066c
                0x08000080                        . = ALIGN (0x4)
 *(.text*)
 .text.Default_Handler
                0x08000080       0x10 /var/folders/ht/8ys5k1fx16d978vsb3m0snrc0000gn/T//cciTrbIe.o
                0x08000080                Default_Handler
 .text.HardFault_Handler
                0x08000090       0x38 /var/folders/ht/8ys5k1fx16d978vsb3m0snrc0000gn/T//cciTrbIe.o
                0x08000090                HardFault_Handler
 .text.Reset_Handler
                0x080000c8       0x74 /var/folders/ht/8ys5k1fx16d978vsb3m0snrc0000gn/T//cciTrbIe.o
                0x080000c8                Reset_Handler
 .text.dcache_set_way
                0x0800013c       0x44 /var/folders/ht/8ys5k1fx16d978vsb3m0snrc0000gn/T//ccjuM18D.o
 .text.dcache_enable
                0x08000180       0x28 /var/folders/ht/8ys5k1fx16d978vsb3m0snrc0000gn/T//ccjuM18D.o
 .text.seen_bulk
                0x080001a8        0x8 /var/folders/ht/8ys5k1fx16d978vsb3m0snrc0000gn/T//ccjuM18D.o
 .text.seen_steady
                0x080001b0       0x18 /var/folders/ht/8ys5k1fx16d978vsb3m0snrc0000gn/T//ccjuM18D.o
 .text.evict_cb
                0x080001c8       0x44 /var/folders/ht/8ys5k1fx16d978vsb3m0snrc0000gn/T//ccjuM18D.o
 .text.uart_u32
                0x0800020c       0x5c /var/folders/ht/8ys5k1fx16d978vsb3m0snrc0000gn/T//ccjuM18D.o
 .text.kv       0x08000268       0x8c /var/folders/ht/8ys5k1fx16d978vsb3m0snrc0000gn/T//ccjuM18D.o
 .text.result   0x080002f4       0x9c /var/folders/ht/8ys5k1fx16d978vsb3m0snrc0000gn/T//ccjuM18D.o
 .text.isr_report
                0x08000390      0x15c /var/folders/ht/8ys5k1fx16d978vsb3m0snrc0000gn/T//ccjuM18D.o
 .text.fx_evict
                0x080004ec      0x158 /var/folders/ht/8ys5k1fx16d978vsb3m0snrc0000gn/T//ccjuM18D.o
 .text.run_fixtures
                0x08000644      0x1f0 /var/folders/ht/8ys5k1fx16d978vsb3m0snrc0000gn/T//ccjuM18D.o
 .text.uart_puts
                0x08000834       0x1c /var/folders/ht/8ys5k1fx16d978vsb3m0snrc0000gn/T//ccjuM18D.o
                0x08000834                uart_puts
 .text.calibrate
                0x08000850       0x30 /var/folders/ht/8ys5k1fx16d978vsb3m0snrc0000gn/T//ccjuM18D.o
 .text.uart_hex
                0x08000880       0x48 /var/folders/ht/8ys5k1fx16d978vsb3m0snrc0000gn/T//ccjuM18D.o
                0x08000880                uart_hex
 .text._sbrk    0x080008c8       0x3c /var/folders/ht/8ys5k1fx16d978vsb3m0snrc0000gn/T//ccjuM18D.o
                0x080008c8                _sbrk
 .text.expanse_host_malloc
                0x08000904        0x4 /var/folders/ht/8ys5k1fx16d978vsb3m0snrc0000gn/T//ccjuM18D.o
                0x08000904                expanse_host_malloc
 .text.expanse_host_free
                0x08000908        0x4 /var/folders/ht/8ys5k1fx16d978vsb3m0snrc0000gn/T//ccjuM18D.o
                0x08000908                expanse_host_free
 .text.SysTick_Handler
                0x0800090c       0xfc /var/folders/ht/8ys5k1fx16d978vsb3m0snrc0000gn/T//ccjuM18D.o
                0x0800090c                SysTick_Handler
 .text.startup.main
                0x08000a08      0x758 /var/folders/ht/8ys5k1fx16d978vsb3m0snrc0000gn/T//ccjuM18D.o
                0x08000a08                main
 .text._RINvNtCs9B51X72FiOP_12expanse_trie6trie3216map_remove_rangeNCNvNtCsmt2LBaZ7eX_7expanse6modern24expanse_map_remove_range0EB11_
                0x08001160     0x10d2 /Users/nicolas/Documents/git/orieg/expanse/.claude/worktrees/t598/target/thumbv7em-none-eabihf/release/libexpanse.a(expanse.expanse.43895a5c0805d95-cgu.0.rcgu.o)
 .text._RINvNtCsg6a3rKnK7mY_4core3ptr9drop_glueNtNtCs9B51X72FiOP_12expanse_trie6trie325ArenaECsmt2LBaZ7eX_7expanse
                0x08002232       0x96 /Users/nicolas/Documents/git/orieg/expanse/.claude/worktrees/t598/target/thumbv7em-none-eabihf/release/libexpanse.a(expanse.expanse.43895a5c0805d95-cgu.0.rcgu.o)
 .text._RINvNtCsg6a3rKnK7mY_4core3ptr9drop_glueNtNtCs9B51X72FiOP_12expanse_trie6trie327NodeBoxECsmt2LBaZ7eX_7expanse
                0x080022c8       0xc8 /Users/nicolas/Documents/git/orieg/expanse/.claude/worktrees/t598/target/thumbv7em-none-eabihf/release/libexpanse.a(expanse.expanse.43895a5c0805d95-cgu.0.rcgu.o)
 .text._RNvCs6rREvFdRhLb_7___rustc12___rust_alloc
                0x08002390       0x32 /Users/nicolas/Documents/git/orieg/expanse/.claude/worktrees/t598/target/thumbv7em-none-eabihf/release/libexpanse.a(expanse.expanse.43895a5c0805d95-cgu.0.rcgu.o)
                0x08002390                __rustc::__rust_alloc
 .text._RNvCs6rREvFdRhLb_7___rustc14___rust_dealloc
                0x080023c2       0x16 /Users/nicolas/Documents/git/orieg/expanse/.claude/worktrees/t598/target/thumbv7em-none-eabihf/release/libexpanse.a(expanse.expanse.43895a5c0805d95-cgu.0.rcgu.o)
                0x080023c2                __rustc::__rust_dealloc
 .text._RNvCs6rREvFdRhLb_7___rustc14___rust_realloc
                0x080023d8       0x62 /Users/nicolas/Documents/git/orieg/expanse/.claude/worktrees/t598/target/thumbv7em-none-eabihf/release/libexpanse.a(expanse.expanse.43895a5c0805d95-cgu.0.rcgu.o)
                0x080023d8                __rustc::__rust_realloc
 .text._RNvCs6rREvFdRhLb_7___rustc17rust_begin_unwind
                0x0800243a        0xe /Users/nicolas/Documents/git/orieg/expanse/.claude/worktrees/t598/target/thumbv7em-none-eabihf/release/libexpanse.a(expanse.expanse.43895a5c0805d95-cgu.0.rcgu.o)
                0x0800243a                __rustc::rust_begin_unwind
 .text._RNvCs6rREvFdRhLb_7___rustc19___rust_alloc_zeroed
                0x08002448       0x3c /Users/nicolas/Documents/git/orieg/expanse/.claude/worktrees/t598/target/thumbv7em-none-eabihf/release/libexpanse.a(expanse.expanse.43895a5c0805d95-cgu.0.rcgu.o)
                0x08002448                __rustc::__rust_alloc_zeroed
 .text._RNvMNtCs9B51X72FiOP_12expanse_trie6trie32NtB2_7NodeBox10heap_bytes
                0x08002484      0x140 /Users/nicolas/Documents/git/orieg/expanse/.claude/worktrees/t598/target/thumbv7em-none-eabihf/release/libexpanse.a(expanse.expanse.43895a5c0805d95-cgu.0.rcgu.o)
 .text._RNvMs0_NtCs9B51X72FiOP_12expanse_trie6trie32NtB5_5Arena20drain_pending_prefix
                0x080025c4       0xc2 /Users/nicolas/Documents/git/orieg/expanse/.claude/worktrees/t598/target/thumbv7em-none-eabihf/release/libexpanse.a(expanse.expanse.43895a5c0805d95-cgu.0.rcgu.o)
 .text._RNvMs0_NtCs9B51X72FiOP_12expanse_trie6trie32NtB5_5Arena4free
                0x08002686      0x10e /Users/nicolas/Documents/git/orieg/expanse/.claude/worktrees/t598/target/thumbv7em-none-eabihf/release/libexpanse.a(expanse.expanse.43895a5c0805d95-cgu.0.rcgu.o)
 .text.unlikely._RNvMs4_NtCsaGl7zbPiz9r_5alloc7raw_vecINtB5_6RawVecNtNtCsmt2LBaZ7eX_7expanse13modern_sync3215SyncMap32ReaderE8grow_oneBQ_
                0x08002794       0x3c /Users/nicolas/Documents/git/orieg/expanse/.claude/worktrees/t598/target/thumbv7em-none-eabihf/release/libexpanse.a(expanse.expanse.43895a5c0805d95-cgu.0.rcgu.o)
                0x08002794                <alloc::raw_vec::RawVec<expanse::modern_sync32::SyncMap32Reader>>::grow_one
                0x08002794                <alloc::raw_vec::RawVec<expanse::modern_sync32::SyncSet32Reader>>::grow_one
 .text.unlikely._RNvMs5_NtCsaGl7zbPiz9r_5alloc7raw_vecNtB5_11RawVecInner11finish_growCsmt2LBaZ7eX_7expanse
                0x080027d0       0xb4 /Users/nicolas/Documents/git/orieg/expanse/.claude/worktrees/t598/target/thumbv7em-none-eabihf/release/libexpanse.a(expanse.expanse.43895a5c0805d95-cgu.0.rcgu.o)
 .text._RNvNtCs9B51X72FiOP_12expanse_trie6trie328read_rem
                0x08002884       0x4e /Users/nicolas/Documents/git/orieg/expanse/.claude/worktrees/t598/target/thumbv7em-none-eabihf/release/libexpanse.a(expanse.expanse.43895a5c0805d95-cgu.0.rcgu.o)
 .text.expanse_map_first
                0x080028d2       0x3a /Users/nicolas/Documents/git/orieg/expanse/.claude/worktrees/t598/target/thumbv7em-none-eabihf/release/libexpanse.a(expanse.expanse.43895a5c0805d95-cgu.0.rcgu.o)
                0x080028d2                expanse_map_first
 .text.expanse_map_free
                0x0800290c       0x1c /Users/nicolas/Documents/git/orieg/expanse/.claude/worktrees/t598/target/thumbv7em-none-eabihf/release/libexpanse.a(expanse.expanse.43895a5c0805d95-cgu.0.rcgu.o)
                0x0800290c                expanse_set_free
                0x0800290c                expanse_map_free
 .text.expanse_map_get
                0x08002928       0x2c /Users/nicolas/Documents/git/orieg/expanse/.claude/worktrees/t598/target/thumbv7em-none-eabihf/release/libexpanse.a(expanse.expanse.43895a5c0805d95-cgu.0.rcgu.o)
                0x08002928                expanse_map_get
 .text.expanse_map_insert
                0x08002954       0x3c /Users/nicolas/Documents/git/orieg/expanse/.claude/worktrees/t598/target/thumbv7em-none-eabihf/release/libexpanse.a(expanse.expanse.43895a5c0805d95-cgu.0.rcgu.o)
                0x08002954                expanse_map_insert
 .text.expanse_map_len
                0x08002990       0x10 /Users/nicolas/Documents/git/orieg/expanse/.claude/worktrees/t598/target/thumbv7em-none-eabihf/release/libexpanse.a(expanse.expanse.43895a5c0805d95-cgu.0.rcgu.o)
                0x08002990                expanse_map_len
                0x08002990                expanse_set_len
 .text.expanse_map_new
                0x080029a0       0x4e /Users/nicolas/Documents/git/orieg/expanse/.claude/worktrees/t598/target/thumbv7em-none-eabihf/release/libexpanse.a(expanse.expanse.43895a5c0805d95-cgu.0.rcgu.o)
                0x080029a0                expanse_set_new
                0x080029a0                expanse_map_new
 .text.expanse_map_remove
                0x080029ee       0x36 /Users/nicolas/Documents/git/orieg/expanse/.claude/worktrees/t598/target/thumbv7em-none-eabihf/release/libexpanse.a(expanse.expanse.43895a5c0805d95-cgu.0.rcgu.o)
                0x080029ee                expanse_map_remove
 .text.expanse_map_remove_range
                0x08002a24       0x3c /Users/nicolas/Documents/git/orieg/expanse/.claude/worktrees/t598/target/thumbv7em-none-eabihf/release/libexpanse.a(expanse.expanse.43895a5c0805d95-cgu.0.rcgu.o)
                0x08002a24                expanse_map_remove_range
 .text.expanse_sync32_map_free
                0x08002a60       0x5a /Users/nicolas/Documents/git/orieg/expanse/.claude/worktrees/t598/target/thumbv7em-none-eabihf/release/libexpanse.a(expanse.expanse.43895a5c0805d95-cgu.0.rcgu.o)
                0x08002a60                expanse_sync32_map_free
                0x08002a60                expanse_sync32_set_free
 .text.expanse_sync32_map_new
                0x08002aba      0x24c /Users/nicolas/Documents/git/orieg/expanse/.claude/worktrees/t598/target/thumbv7em-none-eabihf/release/libexpanse.a(expanse.expanse.43895a5c0805d95-cgu.0.rcgu.o)
                0x08002aba                expanse_sync32_map_new
 .text.expanse_sync32_map_reader
                0x08002d06       0x18 /Users/nicolas/Documents/git/orieg/expanse/.claude/worktrees/t598/target/thumbv7em-none-eabihf/release/libexpanse.a(expanse.expanse.43895a5c0805d95-cgu.0.rcgu.o)
                0x08002d06                expanse_sync32_map_reader
                0x08002d06                expanse_sync32_set_reader
 .text.expanse_sync32_map_reader_try_get
                0x08002d1e       0x2a /Users/nicolas/Documents/git/orieg/expanse/.claude/worktrees/t598/target/thumbv7em-none-eabihf/release/libexpanse.a(expanse.expanse.43895a5c0805d95-cgu.0.rcgu.o)
                0x08002d1e                expanse_sync32_map_reader_try_get
 .text.expanse_sync32_map_writer
                0x08002d48        0x6 /Users/nicolas/Documents/git/orieg/expanse/.claude/worktrees/t598/target/thumbv7em-none-eabihf/release/libexpanse.a(expanse.expanse.43895a5c0805d95-cgu.0.rcgu.o)
                0x08002d48                expanse_sync32_map_writer
                0x08002d48                expanse_sync32_set_writer
 .text.expanse_sync32_map_writer_stats
                0x08002d4e       0x42 /Users/nicolas/Documents/git/orieg/expanse/.claude/worktrees/t598/target/thumbv7em-none-eabihf/release/libexpanse.a(expanse.expanse.43895a5c0805d95-cgu.0.rcgu.o)
                0x08002d4e                expanse_sync32_set_writer_stats
                0x08002d4e                expanse_sync32_map_writer_stats
 .text.expanse_sync32_map_writer_try_insert
                0x08002d90       0x5e /Users/nicolas/Documents/git/orieg/expanse/.claude/worktrees/t598/target/thumbv7em-none-eabihf/release/libexpanse.a(expanse.expanse.43895a5c0805d95-cgu.0.rcgu.o)
                0x08002d90                expanse_sync32_map_writer_try_insert
 .text.expanse_sync32_map_writer_try_reclaim
                0x08002dee      0x282 /Users/nicolas/Documents/git/orieg/expanse/.claude/worktrees/t598/target/thumbv7em-none-eabihf/release/libexpanse.a(expanse.expanse.43895a5c0805d95-cgu.0.rcgu.o)
                0x08002dee                expanse_sync32_set_writer_try_reclaim
                0x08002dee                expanse_sync32_map_writer_try_reclaim
 .text.expanse_sync32_map_writer_try_remove
                0x08003070       0x54 /Users/nicolas/Documents/git/orieg/expanse/.claude/worktrees/t598/target/thumbv7em-none-eabihf/release/libexpanse.a(expanse.expanse.43895a5c0805d95-cgu.0.rcgu.o)
                0x08003070                expanse_sync32_map_writer_try_remove
 .text.expanse_sync32_mutation_headroom
                0x080030c4        0x8 /Users/nicolas/Documents/git/orieg/expanse/.claude/worktrees/t598/target/thumbv7em-none-eabihf/release/libexpanse.a(expanse.expanse.43895a5c0805d95-cgu.0.rcgu.o)
                0x080030c4                expanse_sync32_mutation_headroom
 .text._RNvCs6rREvFdRhLb_7___rustc26___rust_alloc_error_handler
                0x080030cc        0xc /Users/nicolas/Documents/git/orieg/expanse/.claude/worktrees/t598/target/thumbv7em-none-eabihf/release/libexpanse.a(expanse.etalm2b5pvfui6ji1g2a2exjn.rcgu.o)
                0x080030cc                __rustc::__rust_alloc_error_handler
 .text._RNvCs6rREvFdRhLb_7___rustc35___rust_no_alloc_shim_is_unstable_v2
                0x080030d8        0x6 /Users/nicolas/Documents/git/orieg/expanse/.claude/worktrees/t598/target/thumbv7em-none-eabihf/release/libexpanse.a(expanse.etalm2b5pvfui6ji1g2a2exjn.rcgu.o)
                0x080030d8                __rustc::__rust_no_alloc_shim_is_unstable_v2
 *fill*         0x080030de        0x2 
 .text._RINvNtCsg6a3rKnK7mY_4core3ptr9drop_glueNtNtCs9B51X72FiOP_12expanse_trie6trie327NodeBoxEBF_
                0x080030e0      0x1b4 /Users/nicolas/Documents/git/orieg/expanse/.claude/worktrees/t598/target/thumbv7em-none-eabihf/release/libexpanse.a(expanse_trie-eb238e83d9d68825.expanse_trie.6fcb78b46f183cd1-cgu.0.rcgu.o)
 .text.unlikely._RINvNvMs2_NtCsaGl7zbPiz9r_5alloc7raw_vecINtB8_11RawVecInnerpE7reserve21do_reserve_and_handleNtNtBa_5alloc6GlobalECs9B51X72FiOP_12expanse_trie
                0x08003294       0x4a /Users/nicolas/Documents/git/orieg/expanse/.claude/worktrees/t598/target/thumbv7em-none-eabihf/release/libexpanse.a(expanse_trie-eb238e83d9d68825.expanse_trie.6fcb78b46f183cd1-cgu.0.rcgu.o)
 *fill*         0x080032de        0x2 
 .text._RNvMNtCs9B51X72FiOP_12expanse_trie6trie32NtB2_7NodeBox10heap_bytes
                0x080032e0      0x140 /Users/nicolas/Documents/git/orieg/expanse/.claude/worktrees/t598/target/thumbv7em-none-eabihf/release/libexpanse.a(expanse_trie-eb238e83d9d68825.expanse_trie.6fcb78b46f183cd1-cgu.0.rcgu.o)
 .text._RNvMs0_NtCs9B51X72FiOP_12expanse_trie6trie32NtB5_5Arena12push_pending
                0x08003420       0x7c /Users/nicolas/Documents/git/orieg/expanse/.claude/worktrees/t598/target/thumbv7em-none-eabihf/release/libexpanse.a(expanse_trie-eb238e83d9d68825.expanse_trie.6fcb78b46f183cd1-cgu.0.rcgu.o)
 .text._RNvMs0_NtCs9B51X72FiOP_12expanse_trie6trie32NtB5_5Arena13with_capacity
                0x0800349c      0x1de /Users/nicolas/Documents/git/orieg/expanse/.claude/worktrees/t598/target/thumbv7em-none-eabihf/release/libexpanse.a(expanse_trie-eb238e83d9d68825.expanse_trie.6fcb78b46f183cd1-cgu.0.rcgu.o)
 .text._RNvMs0_NtCs9B51X72FiOP_12expanse_trie6trie32NtB5_5Arena14map_bitmap_mut
                0x0800367a       0x60 /Users/nicolas/Documents/git/orieg/expanse/.claude/worktrees/t598/target/thumbv7em-none-eabihf/release/libexpanse.a(expanse_trie-eb238e83d9d68825.expanse_trie.6fcb78b46f183cd1-cgu.0.rcgu.o)
                0x0800367a                <expanse_trie::trie32::Arena>::map_bitmap_mut
 .text._RNvMs0_NtCs9B51X72FiOP_12expanse_trie6trie32NtB5_5Arena1b
                0x080036da       0x60 /Users/nicolas/Documents/git/orieg/expanse/.claude/worktrees/t598/target/thumbv7em-none-eabihf/release/libexpanse.a(expanse_trie-eb238e83d9d68825.expanse_trie.6fcb78b46f183cd1-cgu.0.rcgu.o)
                0x080036da                <expanse_trie::trie32::Arena>::b
 .text._RNvMs0_NtCs9B51X72FiOP_12expanse_trie6trie32NtB5_5Arena1u
                0x0800373a       0x60 /Users/nicolas/Documents/git/orieg/expanse/.claude/worktrees/t598/target/thumbv7em-none-eabihf/release/libexpanse.a(expanse_trie-eb238e83d9d68825.expanse_trie.6fcb78b46f183cd1-cgu.0.rcgu.o)
                0x0800373a                <expanse_trie::trie32::Arena>::u
 .text._RNvMs0_NtCs9B51X72FiOP_12expanse_trie6trie32NtB5_5Arena20drain_pending_prefix
                0x0800379a       0xc8 /Users/nicolas/Documents/git/orieg/expanse/.claude/worktrees/t598/target/thumbv7em-none-eabihf/release/libexpanse.a(expanse_trie-eb238e83d9d68825.expanse_trie.6fcb78b46f183cd1-cgu.0.rcgu.o)
 .text._RNvMs0_NtCs9B51X72FiOP_12expanse_trie6trie32NtB5_5Arena2l2
                0x08003862       0x60 /Users/nicolas/Documents/git/orieg/expanse/.claude/worktrees/t598/target/thumbv7em-none-eabihf/release/libexpanse.a(expanse_trie-eb238e83d9d68825.expanse_trie.6fcb78b46f183cd1-cgu.0.rcgu.o)
                0x08003862                <expanse_trie::trie32::Arena>::l2
 .text._RNvMs0_NtCs9B51X72FiOP_12expanse_trie6trie32NtB5_5Arena2l6
                0x080038c2       0x60 /Users/nicolas/Documents/git/orieg/expanse/.claude/worktrees/t598/target/thumbv7em-none-eabihf/release/libexpanse.a(expanse_trie-eb238e83d9d68825.expanse_trie.6fcb78b46f183cd1-cgu.0.rcgu.o)
                0x080038c2                <expanse_trie::trie32::Arena>::l6
 .text._RNvMs0_NtCs9B51X72FiOP_12expanse_trie6trie32NtB5_5Arena4free
                0x08003922      0x10e /Users/nicolas/Documents/git/orieg/expanse/.claude/worktrees/t598/target/thumbv7em-none-eabihf/release/libexpanse.a(expanse_trie-eb238e83d9d68825.expanse_trie.6fcb78b46f183cd1-cgu.0.rcgu.o)
 .text._RNvMs0_NtCs9B51X72FiOP_12expanse_trie6trie32NtB5_5Arena4leaf
                0x08003a30       0x62 /Users/nicolas/Documents/git/orieg/expanse/.claude/worktrees/t598/target/thumbv7em-none-eabihf/release/libexpanse.a(expanse_trie-eb238e83d9d68825.expanse_trie.6fcb78b46f183cd1-cgu.0.rcgu.o)
                0x08003a30                <expanse_trie::trie32::Arena>::leaf
 .text._RNvMs0_NtCs9B51X72FiOP_12expanse_trie6trie32NtB5_5Arena5b_mut
                0x08003a92       0x60 /Users/nicolas/Documents/git/orieg/expanse/.claude/worktrees/t598/target/thumbv7em-none-eabihf/release/libexpanse.a(expanse_trie-eb238e83d9d68825.expanse_trie.6fcb78b46f183cd1-cgu.0.rcgu.o)
                0x08003a92                <expanse_trie::trie32::Arena>::b_mut
 .text._RNvMs0_NtCs9B51X72FiOP_12expanse_trie6trie32NtB5_5Arena5u_mut
                0x08003af2       0x60 /Users/nicolas/Documents/git/orieg/expanse/.claude/worktrees/t598/target/thumbv7em-none-eabihf/release/libexpanse.a(expanse_trie-eb238e83d9d68825.expanse_trie.6fcb78b46f183cd1-cgu.0.rcgu.o)
                0x08003af2                <expanse_trie::trie32::Arena>::u_mut
 .text._RNvMs0_NtCs9B51X72FiOP_12expanse_trie6trie32NtB5_5Arena6l2_mut
                0x08003b52       0x60 /Users/nicolas/Documents/git/orieg/expanse/.claude/worktrees/t598/target/thumbv7em-none-eabihf/release/libexpanse.a(expanse_trie-eb238e83d9d68825.expanse_trie.6fcb78b46f183cd1-cgu.0.rcgu.o)
                0x08003b52                <expanse_trie::trie32::Arena>::l2_mut
 .text._RNvMs0_NtCs9B51X72FiOP_12expanse_trie6trie32NtB5_5Arena6l6_mut
                0x08003bb2       0x60 /Users/nicolas/Documents/git/orieg/expanse/.claude/worktrees/t598/target/thumbv7em-none-eabihf/release/libexpanse.a(expanse_trie-eb238e83d9d68825.expanse_trie.6fcb78b46f183cd1-cgu.0.rcgu.o)
                0x08003bb2                <expanse_trie::trie32::Arena>::l6_mut
 .text._RNvMs4_NtCs9B51X72FiOP_12expanse_trie6sync32INtB5_8Writer32NtNtB7_5map3212ExpanseMap32E11try_reclaimB7_
                0x08003c12      0x27a /Users/nicolas/Documents/git/orieg/expanse/.claude/worktrees/t598/target/thumbv7em-none-eabihf/release/libexpanse.a(expanse_trie-eb238e83d9d68825.expanse_trie.6fcb78b46f183cd1-cgu.0.rcgu.o)
 .text.unlikely._RNvMs4_NtCsaGl7zbPiz9r_5alloc7raw_vecINtB5_6RawVecINtNtCsg6a3rKnK7mY_4core6option6OptionINtNtB7_3vec3VechEEE8grow_oneCs9B51X72FiOP_12expanse_trie
                0x08003e8c       0x3c /Users/nicolas/Documents/git/orieg/expanse/.claude/worktrees/t598/target/thumbv7em-none-eabihf/release/libexpanse.a(expanse_trie-eb238e83d9d68825.expanse_trie.6fcb78b46f183cd1-cgu.0.rcgu.o)
                0x08003e8c                <alloc::raw_vec::RawVec<expanse_trie::trie32::Retired>>::grow_one
                0x08003e8c                <alloc::raw_vec::RawVec<(u8, expanse_trie::types32::Edge32)>>::grow_one
                0x08003e8c                <alloc::raw_vec::RawVec<core::option::Option<expanse_trie::trie32::NodeBox>>>::grow_one
                0x08003e8c                <alloc::raw_vec::RawVec<core::option::Option<alloc::vec::Vec<u8>>>>::grow_one
 .text.unlikely._RNvMs4_NtCsaGl7zbPiz9r_5alloc7raw_vecINtB5_6RawVecNtNtCs9B51X72FiOP_12expanse_trie7types326Edge32E8grow_oneBQ_
                0x08003ec8       0x3c /Users/nicolas/Documents/git/orieg/expanse/.claude/worktrees/t598/target/thumbv7em-none-eabihf/release/libexpanse.a(expanse_trie-eb238e83d9d68825.expanse_trie.6fcb78b46f183cd1-cgu.0.rcgu.o)
                0x08003ec8                <alloc::raw_vec::RawVec<expanse_trie::types32::Edge32>>::grow_one
                0x08003ec8                <alloc::raw_vec::RawVec<(u32, u32)>>::grow_one
 .text.unlikely._RNvMs4_NtCsaGl7zbPiz9r_5alloc7raw_vecINtB5_6RawVecmE8grow_oneCs9B51X72FiOP_12expanse_trie
                0x08003f04       0x3a /Users/nicolas/Documents/git/orieg/expanse/.claude/worktrees/t598/target/thumbv7em-none-eabihf/release/libexpanse.a(expanse_trie-eb238e83d9d68825.expanse_trie.6fcb78b46f183cd1-cgu.0.rcgu.o)
                0x08003f04                <alloc::raw_vec::RawVec<u32>>::grow_one
 .text._RNvMs5_NtCs9B51X72FiOP_12expanse_trie6sync32INtB5_8Writer32NtNtB7_5map3212ExpanseMap32E10try_insert
                0x08003f3e       0x9c /Users/nicolas/Documents/git/orieg/expanse/.claude/worktrees/t598/target/thumbv7em-none-eabihf/release/libexpanse.a(expanse_trie-eb238e83d9d68825.expanse_trie.6fcb78b46f183cd1-cgu.0.rcgu.o)
                0x08003f3e                <expanse_trie::sync32::Writer32<expanse_trie::map32::ExpanseMap32>>::try_insert
 .text._RNvMs5_NtCs9B51X72FiOP_12expanse_trie6sync32INtB5_8Writer32NtNtB7_5map3212ExpanseMap32E10try_remove
                0x08003fda       0x90 /Users/nicolas/Documents/git/orieg/expanse/.claude/worktrees/t598/target/thumbv7em-none-eabihf/release/libexpanse.a(expanse_trie-eb238e83d9d68825.expanse_trie.6fcb78b46f183cd1-cgu.0.rcgu.o)
                0x08003fda                <expanse_trie::sync32::Writer32<expanse_trie::map32::ExpanseMap32>>::try_remove
 .text.unlikely._RNvMs5_NtCsaGl7zbPiz9r_5alloc7raw_vecNtB5_11RawVecInner11finish_growCs9B51X72FiOP_12expanse_trie
                0x0800406a       0x6a /Users/nicolas/Documents/git/orieg/expanse/.claude/worktrees/t598/target/thumbv7em-none-eabihf/release/libexpanse.a(expanse_trie-eb238e83d9d68825.expanse_trie.6fcb78b46f183cd1-cgu.0.rcgu.o)
 .text._RNvMs7_NtCs9B51X72FiOP_12expanse_trie6sync32INtB5_8Reader32NtNtB7_5map3212ExpanseMap32E7try_get
                0x080040d4      0x5cc /Users/nicolas/Documents/git/orieg/expanse/.claude/worktrees/t598/target/thumbv7em-none-eabihf/release/libexpanse.a(expanse_trie-eb238e83d9d68825.expanse_trie.6fcb78b46f183cd1-cgu.0.rcgu.o)
                0x080040d4                <expanse_trie::sync32::Reader32<expanse_trie::map32::ExpanseMap32>>::try_get
 .text._RNvNtCs9B51X72FiOP_12expanse_trie6trie3210map_insert
                0x080046a0     0x17ae /Users/nicolas/Documents/git/orieg/expanse/.claude/worktrees/t598/target/thumbv7em-none-eabihf/release/libexpanse.a(expanse_trie-eb238e83d9d68825.expanse_trie.6fcb78b46f183cd1-cgu.0.rcgu.o)
                0x080046a0                expanse_trie::trie32::map_insert
 *fill*         0x08005e4e        0x2 
 .text._RNvNtCs9B51X72FiOP_12expanse_trie6trie3210map_remove
                0x08005e50      0xcac /Users/nicolas/Documents/git/orieg/expanse/.claude/worktrees/t598/target/thumbv7em-none-eabihf/release/libexpanse.a(expanse_trie-eb238e83d9d68825.expanse_trie.6fcb78b46f183cd1-cgu.0.rcgu.o)
                0x08005e50                expanse_trie::trie32::map_remove
 .text._RNvNtCs9B51X72FiOP_12expanse_trie6trie3211first_entry
                0x08006afc      0x392 /Users/nicolas/Documents/git/orieg/expanse/.claude/worktrees/t598/target/thumbv7em-none-eabihf/release/libexpanse.a(expanse_trie-eb238e83d9d68825.expanse_trie.6fcb78b46f183cd1-cgu.0.rcgu.o)
                0x08006afc                expanse_trie::trie32::first_entry
 *fill*         0x08006e8e        0x2 
 .text._RNvNtCs9B51X72FiOP_12expanse_trie6trie3212branch_level
                0x08006e90      0x120 /Users/nicolas/Documents/git/orieg/expanse/.claude/worktrees/t598/target/thumbv7em-none-eabihf/release/libexpanse.a(expanse_trie-eb238e83d9d68825.expanse_trie.6fcb78b46f183cd1-cgu.0.rcgu.o)
 .text._RNvNtCs9B51X72FiOP_12expanse_trie6trie3212branch_pairs
                0x08006fb0      0x844 /Users/nicolas/Documents/git/orieg/expanse/.claude/worktrees/t598/target/thumbv7em-none-eabihf/release/libexpanse.a(expanse_trie-eb238e83d9d68825.expanse_trie.6fcb78b46f183cd1-cgu.0.rcgu.o)
 .text._RNvNtCs9B51X72FiOP_12expanse_trie6trie3213make_map_leaf
                0x080077f4      0x21e /Users/nicolas/Documents/git/orieg/expanse/.claude/worktrees/t598/target/thumbv7em-none-eabihf/release/libexpanse.a(expanse_trie-eb238e83d9d68825.expanse_trie.6fcb78b46f183cd1-cgu.0.rcgu.o)
                0x080077f4                expanse_trie::trie32::make_map_leaf
 .text._RNvNtCs9B51X72FiOP_12expanse_trie6trie3213read_map_leaf
                0x08007a12      0x1b6 /Users/nicolas/Documents/git/orieg/expanse/.claude/worktrees/t598/target/thumbv7em-none-eabihf/release/libexpanse.a(expanse_trie-eb238e83d9d68825.expanse_trie.6fcb78b46f183cd1-cgu.0.rcgu.o)
 .text._RNvNtCs9B51X72FiOP_12expanse_trie6trie3214map_immed_edge
                0x08007bc8       0x58 /Users/nicolas/Documents/git/orieg/expanse/.claude/worktrees/t598/target/thumbv7em-none-eabihf/release/libexpanse.a(expanse_trie-eb238e83d9d68825.expanse_trie.6fcb78b46f183cd1-cgu.0.rcgu.o)
 .text._RNvNtCs9B51X72FiOP_12expanse_trie6trie3215branch_add_keys
                0x08007c20      0x142 /Users/nicolas/Documents/git/orieg/expanse/.claude/worktrees/t598/target/thumbv7em-none-eabihf/release/libexpanse.a(expanse_trie-eb238e83d9d68825.expanse_trie.6fcb78b46f183cd1-cgu.0.rcgu.o)
                0x08007c20                expanse_trie::trie32::branch_add_keys
 .text._RNvNtCs9B51X72FiOP_12expanse_trie6trie3215read_map_bitmap
                0x08007d62      0x56e /Users/nicolas/Documents/git/orieg/expanse/.claude/worktrees/t598/target/thumbv7em-none-eabihf/release/libexpanse.a(expanse_trie-eb238e83d9d68825.expanse_trie.6fcb78b46f183cd1-cgu.0.rcgu.o)
                0x08007d62                expanse_trie::trie32::read_map_bitmap
 .text._RNvNtCs9B51X72FiOP_12expanse_trie6trie3216leaf_lower_bound
                0x080082d0       0x80 /Users/nicolas/Documents/git/orieg/expanse/.claude/worktrees/t598/target/thumbv7em-none-eabihf/release/libexpanse.a(expanse_trie-eb238e83d9d68825.expanse_trie.6fcb78b46f183cd1-cgu.0.rcgu.o)
                0x080082d0                expanse_trie::trie32::leaf_lower_bound
 .text._RNvNtCs9B51X72FiOP_12expanse_trie6trie3217branch_insert_new
                0x08008350      0xbda /Users/nicolas/Documents/git/orieg/expanse/.claude/worktrees/t598/target/thumbv7em-none-eabihf/release/libexpanse.a(expanse_trie-eb238e83d9d68825.expanse_trie.6fcb78b46f183cd1-cgu.0.rcgu.o)
 *fill*         0x08008f2a        0x2 
 .text._RNvNtCs9B51X72FiOP_12expanse_trie6trie3218branch_first_child
                0x08008f2c      0x432 /Users/nicolas/Documents/git/orieg/expanse/.claude/worktrees/t598/target/thumbv7em-none-eabihf/release/libexpanse.a(expanse_trie-eb238e83d9d68825.expanse_trie.6fcb78b46f183cd1-cgu.0.rcgu.o)
 *fill*         0x0800935e        0x2 
 .text._RNvNtCs9B51X72FiOP_12expanse_trie6trie3219branch_remove_digit
                0x08009360      0x8f0 /Users/nicolas/Documents/git/orieg/expanse/.claude/worktrees/t598/target/thumbv7em-none-eabihf/release/libexpanse.a(expanse_trie-eb238e83d9d68825.expanse_trie.6fcb78b46f183cd1-cgu.0.rcgu.o)
                0x08009360                expanse_trie::trie32::branch_remove_digit
 .text._RNvNtCs9B51X72FiOP_12expanse_trie6trie3220map_leaf_remove_span
                0x08009c50      0x4c0 /Users/nicolas/Documents/git/orieg/expanse/.claude/worktrees/t598/target/thumbv7em-none-eabihf/release/libexpanse.a(expanse_trie-eb238e83d9d68825.expanse_trie.6fcb78b46f183cd1-cgu.0.rcgu.o)
                0x08009c50                expanse_trie::trie32::map_leaf_remove_span
 .text._RNvNtCs9B51X72FiOP_12expanse_trie6trie326make_b
                0x0800a110      0x4e2 /Users/nicolas/Documents/git/orieg/expanse/.claude/worktrees/t598/target/thumbv7em-none-eabihf/release/libexpanse.a(expanse_trie-eb238e83d9d68825.expanse_trie.6fcb78b46f183cd1-cgu.0.rcgu.o)
 .text._RNvNtCs9B51X72FiOP_12expanse_trie6trie327make_l2
                0x0800a5f2      0x14c /Users/nicolas/Documents/git/orieg/expanse/.claude/worktrees/t598/target/thumbv7em-none-eabihf/release/libexpanse.a(expanse_trie-eb238e83d9d68825.expanse_trie.6fcb78b46f183cd1-cgu.0.rcgu.o)
 .text._RNvNtCs9B51X72FiOP_12expanse_trie6trie327make_l6
                0x0800a73e      0x254 /Users/nicolas/Documents/git/orieg/expanse/.claude/worktrees/t598/target/thumbv7em-none-eabihf/release/libexpanse.a(expanse_trie-eb238e83d9d68825.expanse_trie.6fcb78b46f183cd1-cgu.0.rcgu.o)
 *fill*         0x0800a992        0x2 
 .text._RNvNtCs9B51X72FiOP_12expanse_trie6trie327map_get
                0x0800a994      0x686 /Users/nicolas/Documents/git/orieg/expanse/.claude/worktrees/t598/target/thumbv7em-none-eabihf/release/libexpanse.a(expanse_trie-eb238e83d9d68825.expanse_trie.6fcb78b46f183cd1-cgu.0.rcgu.o)
                0x0800a994                expanse_trie::trie32::map_get
 .text._RNvNtCs9B51X72FiOP_12expanse_trie6trie328read_rem
                0x0800b01a       0x4e /Users/nicolas/Documents/git/orieg/expanse/.claude/worktrees/t598/target/thumbv7em-none-eabihf/release/libexpanse.a(expanse_trie-eb238e83d9d68825.expanse_trie.6fcb78b46f183cd1-cgu.0.rcgu.o)
 .text._RNvXNtNtCs9B51X72FiOP_12expanse_trie6sync326sealedNtNtB6_5map3212ExpanseMap32NtB2_6Sealed16with_fixed_arena
                0x0800b068       0x14 /Users/nicolas/Documents/git/orieg/expanse/.claude/worktrees/t598/target/thumbv7em-none-eabihf/release/libexpanse.a(expanse_trie-eb238e83d9d68825.expanse_trie.6fcb78b46f183cd1-cgu.0.rcgu.o)
                0x0800b068                <expanse_trie::set32::ExpanseSet32 as expanse_trie::sync32::sealed::Sealed>::with_fixed_arena
                0x0800b068                <expanse_trie::map32::ExpanseMap32 as expanse_trie::sync32::sealed::Sealed>::with_fixed_arena
 .text.unlikely._RNvCs6rREvFdRhLb_7___rustc25___rdl_alloc_error_handler
                0x0800b07c       0x2e /Users/nicolas/Documents/git/orieg/expanse/.claude/worktrees/t598/target/thumbv7em-none-eabihf/release/libexpanse.a(alloc-82de6ff075625ae2.alloc.7c6e35d26aa33957-cgu.0.rcgu.o)
                0x0800b07c                __rustc::__rdl_alloc_error_handler
 .text.unlikely._RNvNtCsaGl7zbPiz9r_5alloc5alloc18handle_alloc_error
                0x0800b0aa        0xe /Users/nicolas/Documents/git/orieg/expanse/.claude/worktrees/t598/target/thumbv7em-none-eabihf/release/libexpanse.a(alloc-82de6ff075625ae2.alloc.7c6e35d26aa33957-cgu.0.rcgu.o)
                0x0800b0aa                alloc::alloc::handle_alloc_error
 .text.unlikely._RNvNtCsaGl7zbPiz9r_5alloc7raw_vec12handle_error
                0x0800b0b8        0xe /Users/nicolas/Documents/git/orieg/expanse/.claude/worktrees/t598/target/thumbv7em-none-eabihf/release/libexpanse.a(alloc-82de6ff075625ae2.alloc.7c6e35d26aa33957-cgu.0.rcgu.o)
                0x0800b0b8                alloc::raw_vec::handle_error
 .text.unlikely._RNvNtCsaGl7zbPiz9r_5alloc7raw_vec17capacity_overflow
                0x0800b0c6       0x1a /Users/nicolas/Documents/git/orieg/expanse/.claude/worktrees/t598/target/thumbv7em-none-eabihf/release/libexpanse.a(alloc-82de6ff075625ae2.alloc.7c6e35d26aa33957-cgu.0.rcgu.o)
                0x0800b0c6                alloc::raw_vec::capacity_overflow
 .text.unlikely._RNvNvMs_NtCsaGl7zbPiz9r_5alloc3vecINtB6_3VecppE10insert_mut13assert_failed
                0x0800b0e0       0x28 /Users/nicolas/Documents/git/orieg/expanse/.claude/worktrees/t598/target/thumbv7em-none-eabihf/release/libexpanse.a(alloc-82de6ff075625ae2.alloc.7c6e35d26aa33957-cgu.0.rcgu.o)
                0x0800b0e0                <alloc::vec::Vec<_, _>>::insert_mut::assert_failed
 .text._RNvMsa_NtCsg6a3rKnK7mY_4core3fmtNtB5_9Formatter12pad_integral
                0x0800b108      0x266 /Users/nicolas/Documents/git/orieg/expanse/.claude/worktrees/t598/target/thumbv7em-none-eabihf/release/libexpanse.a(core-b051ae6fb69dc3bd.core.bb85018212ee162e-cgu.0.rcgu.o)
                0x0800b108                <core::fmt::Formatter>::pad_integral
 *fill*         0x0800b36e        0x2 
 .text._RNvMsa_NtCsg6a3rKnK7mY_4core3fmtNtB5_9Formatter3pad
                0x0800b370      0x1d2 /Users/nicolas/Documents/git/orieg/expanse/.claude/worktrees/t598/target/thumbv7em-none-eabihf/release/libexpanse.a(core-b051ae6fb69dc3bd.core.bb85018212ee162e-cgu.0.rcgu.o)
                0x0800b370                <core::fmt::Formatter>::pad
 .text.unlikely._RNvNtCsg6a3rKnK7mY_4core6option13expect_failed
                0x0800b542       0x26 /Users/nicolas/Documents/git/orieg/expanse/.claude/worktrees/t598/target/thumbv7em-none-eabihf/release/libexpanse.a(core-b051ae6fb69dc3bd.core.bb85018212ee162e-cgu.0.rcgu.o)
                0x0800b542                core::option::expect_failed
 .text.unlikely._RNvNtCsg6a3rKnK7mY_4core6option13unwrap_failed
                0x0800b568       0x14 /Users/nicolas/Documents/git/orieg/expanse/.claude/worktrees/t598/target/thumbv7em-none-eabihf/release/libexpanse.a(core-b051ae6fb69dc3bd.core.bb85018212ee162e-cgu.0.rcgu.o)
                0x0800b568                core::option::unwrap_failed
 .text.unlikely._RNvNtCsg6a3rKnK7mY_4core9panicking18panic_bounds_check
                0x0800b57c       0x28 /Users/nicolas/Documents/git/orieg/expanse/.claude/worktrees/t598/target/thumbv7em-none-eabihf/release/libexpanse.a(core-b051ae6fb69dc3bd.core.bb85018212ee162e-cgu.0.rcgu.o)
                0x0800b57c                core::panicking::panic_bounds_check
 .text.unlikely._RNvNtCsg6a3rKnK7mY_4core9panicking18panic_nounwind_fmt
                0x0800b5a4       0x20 /Users/nicolas/Documents/git/orieg/expanse/.claude/worktrees/t598/target/thumbv7em-none-eabihf/release/libexpanse.a(core-b051ae6fb69dc3bd.core.bb85018212ee162e-cgu.0.rcgu.o)
                0x0800b5a4                core::panicking::panic_nounwind_fmt
 .text.unlikely._RNvNtCsg6a3rKnK7mY_4core9panicking5panic
                0x0800b5c4        0xc /Users/nicolas/Documents/git/orieg/expanse/.claude/worktrees/t598/target/thumbv7em-none-eabihf/release/libexpanse.a(core-b051ae6fb69dc3bd.core.bb85018212ee162e-cgu.0.rcgu.o)
                0x0800b5c4                core::panicking::panic
 .text.unlikely._RNvNtCsg6a3rKnK7mY_4core9panicking9panic_fmt
                0x0800b5d0       0x1c /Users/nicolas/Documents/git/orieg/expanse/.claude/worktrees/t598/target/thumbv7em-none-eabihf/release/libexpanse.a(core-b051ae6fb69dc3bd.core.bb85018212ee162e-cgu.0.rcgu.o)
                0x0800b5d0                core::panicking::panic_fmt
 .text._RNvNtNtCsg6a3rKnK7mY_4core3str5count14do_count_chars
                0x0800b5ec      0x4ea /Users/nicolas/Documents/git/orieg/expanse/.claude/worktrees/t598/target/thumbv7em-none-eabihf/release/libexpanse.a(core-b051ae6fb69dc3bd.core.bb85018212ee162e-cgu.0.rcgu.o)
                0x0800b5ec                core::str::count::do_count_chars
 .text.unlikely._RNvNtNtCsg6a3rKnK7mY_4core5slice5index16slice_index_fail
                0x0800bad6       0x8a /Users/nicolas/Documents/git/orieg/expanse/.claude/worktrees/t598/target/thumbv7em-none-eabihf/release/libexpanse.a(core-b051ae6fb69dc3bd.core.bb85018212ee162e-cgu.0.rcgu.o)
                0x0800bad6                core::slice::index::slice_index_fail
 .text._RNvNvMsa_NtCsg6a3rKnK7mY_4core3fmtNtB7_9Formatter12pad_integral12write_prefix
                0x0800bb60       0x44 /Users/nicolas/Documents/git/orieg/expanse/.claude/worktrees/t598/target/thumbv7em-none-eabihf/release/libexpanse.a(core-b051ae6fb69dc3bd.core.bb85018212ee162e-cgu.0.rcgu.o)
 .text.unlikely._RNvNvNtCsg6a3rKnK7mY_4core5slice20copy_from_slice_impl17len_mismatch_fail
                0x0800bba4       0x2c /Users/nicolas/Documents/git/orieg/expanse/.claude/worktrees/t598/target/thumbv7em-none-eabihf/release/libexpanse.a(core-b051ae6fb69dc3bd.core.bb85018212ee162e-cgu.0.rcgu.o)
                0x0800bba4                core::slice::copy_from_slice_impl::len_mismatch_fail
 .text._RNvXs1i_NtCsg6a3rKnK7mY_4core3fmtReNtB6_7Display3fmtB8_
                0x0800bbd0       0x14 /Users/nicolas/Documents/git/orieg/expanse/.claude/worktrees/t598/target/thumbv7em-none-eabihf/release/libexpanse.a(core-b051ae6fb69dc3bd.core.bb85018212ee162e-cgu.0.rcgu.o)
 .text._RNvXs8_NtNtNtCsg6a3rKnK7mY_4core3fmt3num3impmNtB9_7Display3fmt
                0x0800bbe4       0xea /Users/nicolas/Documents/git/orieg/expanse/.claude/worktrees/t598/target/thumbv7em-none-eabihf/release/libexpanse.a(core-b051ae6fb69dc3bd.core.bb85018212ee162e-cgu.0.rcgu.o)
                0x0800bbe4                <u32 as core::fmt::Display>::fmt
                0x0800bbe4                <usize as core::fmt::Display>::fmt
 .text.__aeabi_memcpy8
                0x0800bcce       0x9c /Users/nicolas/Documents/git/orieg/expanse/.claude/worktrees/t598/target/thumbv7em-none-eabihf/release/libexpanse.a(compiler_builtins-e1da20a5d04d68cd.compiler_builtins.bc0ec444ab64036b-cgu.183.rcgu.o)
                0x0800bcce                __aeabi_memcpy8
 .text.memset   0x0800bd6a       0xf8 /Users/nicolas/Documents/git/orieg/expanse/.claude/worktrees/t598/target/thumbv7em-none-eabihf/release/libexpanse.a(compiler_builtins-e1da20a5d04d68cd.compiler_builtins.bc0ec444ab64036b-cgu.189.rcgu.o)
                0x0800bd6a                memset
 .text.__aeabi_memclr4
                0x0800be62       0xae /Users/nicolas/Documents/git/orieg/expanse/.claude/worktrees/t598/target/thumbv7em-none-eabihf/release/libexpanse.a(compiler_builtins-e1da20a5d04d68cd.compiler_builtins.bc0ec444ab64036b-cgu.231.rcgu.o)
                0x0800be62                __aeabi_memclr4
 .text.__aeabi_memmove
                0x0800bf10        0xc /Users/nicolas/Documents/git/orieg/expanse/.claude/worktrees/t598/target/thumbv7em-none-eabihf/release/libexpanse.a(compiler_builtins-e1da20a5d04d68cd.compiler_builtins.bc0ec444ab64036b-cgu.284.rcgu.o)
                0x0800bf10                __aeabi_memmove
 .text.__aeabi_memmove4
                0x0800bf1c        0xc /Users/nicolas/Documents/git/orieg/expanse/.claude/worktrees/t598/target/thumbv7em-none-eabihf/release/libexpanse.a(compiler_builtins-e1da20a5d04d68cd.compiler_builtins.bc0ec444ab64036b-cgu.312.rcgu.o)
                0x0800bf1c                __aeabi_memmove4
 .text.__aeabi_memclr
                0x0800bf28       0xd0 /Users/nicolas/Documents/git/orieg/expanse/.claude/worktrees/t598/target/thumbv7em-none-eabihf/release/libexpanse.a(compiler_builtins-e1da20a5d04d68cd.compiler_builtins.bc0ec444ab64036b-cgu.365.rcgu.o)
                0x0800bf28                __aeabi_memclr
 .text.__aeabi_memcpy4
                0x0800bff8       0x9c /Users/nicolas/Documents/git/orieg/expanse/.claude/worktrees/t598/target/thumbv7em-none-eabihf/release/libexpanse.a(compiler_builtins-e1da20a5d04d68cd.compiler_builtins.bc0ec444ab64036b-cgu.367.rcgu.o)
                0x0800bff8                __aeabi_memcpy4
 .text.__aeabi_memclr8
                0x0800c094       0xae /Users/nicolas/Documents/git/orieg/expanse/.claude/worktrees/t598/target/thumbv7em-none-eabihf/release/libexpanse.a(compiler_builtins-e1da20a5d04d68cd.compiler_builtins.bc0ec444ab64036b-cgu.368.rcgu.o)
                0x0800c094                __aeabi_memclr8
 .text.__aeabi_memcpy
                0x0800c142        0xc /Users/nicolas/Documents/git/orieg/expanse/.claude/worktrees/t598/target/thumbv7em-none-eabihf/release/libexpanse.a(compiler_builtins-e1da20a5d04d68cd.compiler_builtins.bc0ec444ab64036b-cgu.391.rcgu.o)
                0x0800c142                __aeabi_memcpy
 .text.memcpy   0x0800c14e        0xc /Users/nicolas/Documents/git/orieg/expanse/.claude/worktrees/t598/target/thumbv7em-none-eabihf/release/libexpanse.a(compiler_builtins-e1da20a5d04d68cd.compiler_builtins.bc0ec444ab64036b-cgu.403.rcgu.o)
                0x0800c14e                memcpy
 .text._RNvNtCsg91EmIEJWCR_17compiler_builtins3mem6memcpy
                0x0800c15a      0x296 /Users/nicolas/Documents/git/orieg/expanse/.claude/worktrees/t598/target/thumbv7em-none-eabihf/release/libexpanse.a(compiler_builtins-e1da20a5d04d68cd.compiler_builtins.bc0ec444ab64036b-cgu.013.rcgu.o)
                0x0800c15a                compiler_builtins::mem::memcpy
 .text._RNvNtCsg91EmIEJWCR_17compiler_builtins3mem7memmove
                0x0800c3f0      0x588 /Users/nicolas/Documents/git/orieg/expanse/.claude/worktrees/t598/target/thumbv7em-none-eabihf/release/libexpanse.a(compiler_builtins-e1da20a5d04d68cd.compiler_builtins.bc0ec444ab64036b-cgu.013.rcgu.o)
                0x0800c3f0                compiler_builtins::mem::memmove
 .text.malloc   0x0800c978       0x10 /Applications/ArmGNUToolchain/14.3.rel1/arm-none-eabi/bin/../lib/gcc/arm-none-eabi/14.3.1/../../../../arm-none-eabi/lib/thumb/v7e-m+dp/hard/libc.a(libc_a-malloc.o)
                0x0800c978                malloc
 .text.free     0x0800c988       0x10 /Applications/ArmGNUToolchain/14.3.rel1/arm-none-eabi/bin/../lib/gcc/arm-none-eabi/14.3.1/../../../../arm-none-eabi/lib/thumb/v7e-m+dp/hard/libc.a(libc_a-malloc.o)
                0x0800c988                free
 .text._malloc_r
                0x0800c998      0x598 /Applications/ArmGNUToolchain/14.3.rel1/arm-none-eabi/bin/../lib/gcc/arm-none-eabi/14.3.1/../../../../arm-none-eabi/lib/thumb/v7e-m+dp/hard/libc.a(libc_a-mallocr.o)
                0x0800c998                _malloc_r
 .text.__malloc_lock
                0x0800cf30        0xc /Applications/ArmGNUToolchain/14.3.rel1/arm-none-eabi/bin/../lib/gcc/arm-none-eabi/14.3.1/../../../../arm-none-eabi/lib/thumb/v7e-m+dp/hard/libc.a(libc_a-mlock.o)
                0x0800cf30                __malloc_lock
 .text.__malloc_unlock
                0x0800cf3c        0xc /Applications/ArmGNUToolchain/14.3.rel1/arm-none-eabi/bin/../lib/gcc/arm-none-eabi/14.3.1/../../../../arm-none-eabi/lib/thumb/v7e-m+dp/hard/libc.a(libc_a-mlock.o)
                0x0800cf3c                __malloc_unlock
 .text._sbrk_r  0x0800cf48       0x24 /Applications/ArmGNUToolchain/14.3.rel1/arm-none-eabi/bin/../lib/gcc/arm-none-eabi/14.3.1/../../../../arm-none-eabi/lib/thumb/v7e-m+dp/hard/libc.a(libc_a-sbrkr.o)
                0x0800cf48                _sbrk_r
 .text.__errno  0x0800cf6c        0xc /Applications/ArmGNUToolchain/14.3.rel1/arm-none-eabi/bin/../lib/gcc/arm-none-eabi/14.3.1/../../../../arm-none-eabi/lib/thumb/v7e-m+dp/hard/libc.a(libc_a-errno.o)
                0x0800cf6c                __errno
 .text.sysconf  0x0800cf78       0x1c /Applications/ArmGNUToolchain/14.3.rel1/arm-none-eabi/bin/../lib/gcc/arm-none-eabi/14.3.1/../../../../arm-none-eabi/lib/thumb/v7e-m+dp/hard/libc.a(libc_a-sysconf.o)
                0x0800cf78                sysconf
 .text.__retarget_lock_acquire_recursive
                0x0800cf94        0x4 /Applications/ArmGNUToolchain/14.3.rel1/arm-none-eabi/bin/../lib/gcc/arm-none-eabi/14.3.1/../../../../arm-none-eabi/lib/thumb/v7e-m+dp/hard/libc.a(libc_a-lock.o)
                0x0800cf94                __retarget_lock_acquire_recursive
 .text.__retarget_lock_release_recursive
                0x0800cf98        0x4 /Applications/ArmGNUToolchain/14.3.rel1/arm-none-eabi/bin/../lib/gcc/arm-none-eabi/14.3.1/../../../../arm-none-eabi/lib/thumb/v7e-m+dp/hard/libc.a(libc_a-lock.o)
                0x0800cf98                __retarget_lock_release_recursive
 .text._malloc_trim_r
                0x0800cf9c       0xb8 /Applications/ArmGNUToolchain/14.3.rel1/arm-none-eabi/bin/../lib/gcc/arm-none-eabi/14.3.1/../../../../arm-none-eabi/lib/thumb/v7e-m+dp/hard/libc.a(libc_a-freer.o)
                0x0800cf9c                _malloc_trim_r
 .text._free_r  0x0800d054      0x1f0 /Applications/ArmGNUToolchain/14.3.rel1/arm-none-eabi/bin/../lib/gcc/arm-none-eabi/14.3.1/../../../../arm-none-eabi/lib/thumb/v7e-m+dp/hard/libc.a(libc_a-freer.o)
                0x0800d054                _free_r
 .text.selfrel_offset31
                0x0800d244       0x14 /Applications/ArmGNUToolchain/14.3.rel1/arm-none-eabi/bin/../lib/gcc/arm-none-eabi/14.3.1/thumb/v7e-m+dp/hard/libgcc.a(unwind-arm.o)
 .text.search_EIT_table
                0x0800d258       0x68 /Applications/ArmGNUToolchain/14.3.rel1/arm-none-eabi/bin/../lib/gcc/arm-none-eabi/14.3.1/thumb/v7e-m+dp/hard/libgcc.a(unwind-arm.o)
 .text.__gnu_unwind_get_pr_addr
                0x0800d2c0       0x28 /Applications/ArmGNUToolchain/14.3.rel1/arm-none-eabi/bin/../lib/gcc/arm-none-eabi/14.3.1/thumb/v7e-m+dp/hard/libgcc.a(unwind-arm.o)
 .text.get_eit_entry
                0x0800d2e8       0x98 /Applications/ArmGNUToolchain/14.3.rel1/arm-none-eabi/bin/../lib/gcc/arm-none-eabi/14.3.1/thumb/v7e-m+dp/hard/libgcc.a(unwind-arm.o)
 .text.restore_non_core_regs
                0x0800d380       0x58 /Applications/ArmGNUToolchain/14.3.rel1/arm-none-eabi/bin/../lib/gcc/arm-none-eabi/14.3.1/thumb/v7e-m+dp/hard/libgcc.a(unwind-arm.o)
 .text._Unwind_decode_typeinfo_ptr.constprop.0
                0x0800d3d8        0xc /Applications/ArmGNUToolchain/14.3.rel1/arm-none-eabi/bin/../lib/gcc/arm-none-eabi/14.3.1/thumb/v7e-m+dp/hard/libgcc.a(unwind-arm.o)
 .text._Unwind_DebugHook
                0x0800d3e4        0x4 /Applications/ArmGNUToolchain/14.3.rel1/arm-none-eabi/bin/../lib/gcc/arm-none-eabi/14.3.1/thumb/v7e-m+dp/hard/libgcc.a(unwind-arm.o)
 .text.unwind_phase2
                0x0800d3e8       0x3c /Applications/ArmGNUToolchain/14.3.rel1/arm-none-eabi/bin/../lib/gcc/arm-none-eabi/14.3.1/thumb/v7e-m+dp/hard/libgcc.a(unwind-arm.o)
 .text.unwind_phase2_forced
                0x0800d424       0xdc /Applications/ArmGNUToolchain/14.3.rel1/arm-none-eabi/bin/../lib/gcc/arm-none-eabi/14.3.1/thumb/v7e-m+dp/hard/libgcc.a(unwind-arm.o)
 .text.__gnu_Unwind_RaiseException
                0x0800d500       0x6c /Applications/ArmGNUToolchain/14.3.rel1/arm-none-eabi/bin/../lib/gcc/arm-none-eabi/14.3.1/thumb/v7e-m+dp/hard/libgcc.a(unwind-arm.o)
                0x0800d500                __gnu_Unwind_RaiseException
 .text.__gnu_Unwind_ForcedUnwind
                0x0800d56c       0x10 /Applications/ArmGNUToolchain/14.3.rel1/arm-none-eabi/bin/../lib/gcc/arm-none-eabi/14.3.1/thumb/v7e-m+dp/hard/libgcc.a(unwind-arm.o)
                0x0800d56c                __gnu_Unwind_ForcedUnwind
 .text.__gnu_Unwind_Resume
                0x0800d57c       0x44 /Applications/ArmGNUToolchain/14.3.rel1/arm-none-eabi/bin/../lib/gcc/arm-none-eabi/14.3.1/thumb/v7e-m+dp/hard/libgcc.a(unwind-arm.o)
                0x0800d57c                __gnu_Unwind_Resume
 .text.__gnu_Unwind_Resume_or_Rethrow
                0x0800d5c0       0x1c /Applications/ArmGNUToolchain/14.3.rel1/arm-none-eabi/bin/../lib/gcc/arm-none-eabi/14.3.1/thumb/v7e-m+dp/hard/libgcc.a(unwind-arm.o)
                0x0800d5c0                __gnu_Unwind_Resume_or_Rethrow
 .text._Unwind_VRS_Get
                0x0800d5dc       0x34 /Applications/ArmGNUToolchain/14.3.rel1/arm-none-eabi/bin/../lib/gcc/arm-none-eabi/14.3.1/thumb/v7e-m+dp/hard/libgcc.a(unwind-arm.o)
                0x0800d5dc                _Unwind_VRS_Get
 .text._Unwind_GetGR
                0x0800d610       0x1c /Applications/ArmGNUToolchain/14.3.rel1/arm-none-eabi/bin/../lib/gcc/arm-none-eabi/14.3.1/thumb/v7e-m+dp/hard/libgcc.a(unwind-arm.o)
 .text._Unwind_VRS_Set
                0x0800d62c       0x34 /Applications/ArmGNUToolchain/14.3.rel1/arm-none-eabi/bin/../lib/gcc/arm-none-eabi/14.3.1/thumb/v7e-m+dp/hard/libgcc.a(unwind-arm.o)
                0x0800d62c                _Unwind_VRS_Set
 .text._Unwind_SetGR
                0x0800d660       0x18 /Applications/ArmGNUToolchain/14.3.rel1/arm-none-eabi/bin/../lib/gcc/arm-none-eabi/14.3.1/thumb/v7e-m+dp/hard/libgcc.a(unwind-arm.o)
 .text.__gnu_Unwind_Backtrace
                0x0800d678       0x90 /Applications/ArmGNUToolchain/14.3.rel1/arm-none-eabi/bin/../lib/gcc/arm-none-eabi/14.3.1/thumb/v7e-m+dp/hard/libgcc.a(unwind-arm.o)
                0x0800d678                __gnu_Unwind_Backtrace
 .text.__gnu_unwind_pr_common
                0x0800d708      0x2a8 /Applications/ArmGNUToolchain/14.3.rel1/arm-none-eabi/bin/../lib/gcc/arm-none-eabi/14.3.1/thumb/v7e-m+dp/hard/libgcc.a(unwind-arm.o)
 .text.__aeabi_unwind_cpp_pr0
                0x0800d9b0        0x8 /Applications/ArmGNUToolchain/14.3.rel1/arm-none-eabi/bin/../lib/gcc/arm-none-eabi/14.3.1/thumb/v7e-m+dp/hard/libgcc.a(unwind-arm.o)
                0x0800d9b0                __aeabi_unwind_cpp_pr0
 .text.__aeabi_unwind_cpp_pr1
                0x0800d9b8        0x8 /Applications/ArmGNUToolchain/14.3.rel1/arm-none-eabi/bin/../lib/gcc/arm-none-eabi/14.3.1/thumb/v7e-m+dp/hard/libgcc.a(unwind-arm.o)
                0x0800d9b8                __aeabi_unwind_cpp_pr1
 .text.__aeabi_unwind_cpp_pr2
                0x0800d9c0        0x8 /Applications/ArmGNUToolchain/14.3.rel1/arm-none-eabi/bin/../lib/gcc/arm-none-eabi/14.3.1/thumb/v7e-m+dp/hard/libgcc.a(unwind-arm.o)
                0x0800d9c0                __aeabi_unwind_cpp_pr2
 .text._Unwind_VRS_Pop
                0x0800d9c8      0x2ec /Applications/ArmGNUToolchain/14.3.rel1/arm-none-eabi/bin/../lib/gcc/arm-none-eabi/14.3.1/thumb/v7e-m+dp/hard/libgcc.a(unwind-arm.o)
                0x0800d9c8                _Unwind_VRS_Pop
 .text          0x0800dcb4      0x198 /Applications/ArmGNUToolchain/14.3.rel1/arm-none-eabi/bin/../lib/gcc/arm-none-eabi/14.3.1/thumb/v7e-m+dp/hard/libgcc.a(libunwind.o)
                0x0800dcb4                __restore_core_regs
                0x0800dcb4                restore_core_regs
                0x0800dccc                __gnu_Unwind_Restore_VFP
                0x0800dcd4                __gnu_Unwind_Save_VFP
                0x0800dcdc                __gnu_Unwind_Restore_VFP_D
                0x0800dce4                __gnu_Unwind_Save_VFP_D
                0x0800dcec                __gnu_Unwind_Restore_VFP_D_16_to_31
                0x0800dcf4                __gnu_Unwind_Save_VFP_D_16_to_31
                0x0800dcfc                __gnu_Unwind_Restore_WMMXD
                0x0800dd40                __gnu_Unwind_Save_WMMXD
                0x0800dd84                __gnu_Unwind_Restore_WMMXC
                0x0800dd98                __gnu_Unwind_Save_WMMXC
                0x0800ddac                _Unwind_RaiseException
                0x0800ddac                ___Unwind_RaiseException
                0x0800ddcc                ___Unwind_Resume
                0x0800ddcc                _Unwind_Resume
                0x0800ddec                ___Unwind_Resume_or_Rethrow
                0x0800ddec                _Unwind_Resume_or_Rethrow
                0x0800de0c                _Unwind_ForcedUnwind
                0x0800de0c                ___Unwind_ForcedUnwind
                0x0800de2c                _Unwind_Backtrace
                0x0800de2c                ___Unwind_Backtrace
 .text.next_unwind_byte
                0x0800de4c       0x38 /Applications/ArmGNUToolchain/14.3.rel1/arm-none-eabi/bin/../lib/gcc/arm-none-eabi/14.3.1/thumb/v7e-m+dp/hard/libgcc.a(pr-support.o)
 .text.__gnu_unwind_execute
                0x0800de84      0x300 /Applications/ArmGNUToolchain/14.3.rel1/arm-none-eabi/bin/../lib/gcc/arm-none-eabi/14.3.1/thumb/v7e-m+dp/hard/libgcc.a(pr-support.o)
                0x0800de84                __gnu_unwind_execute
 .text.abort    0x0800e184       0x10 /Applications/ArmGNUToolchain/14.3.rel1/arm-none-eabi/bin/../lib/gcc/arm-none-eabi/14.3.1/../../../../arm-none-eabi/lib/thumb/v7e-m+dp/hard/libg.a(libc_a-abort.o)
                0x0800e184                abort
 .text.raise    0x0800e194       0x58 /Applications/ArmGNUToolchain/14.3.rel1/arm-none-eabi/bin/../lib/gcc/arm-none-eabi/14.3.1/../../../../arm-none-eabi/lib/thumb/v7e-m+dp/hard/libg.a(libc_a-signal.o)
                0x0800e194                raise
 .text._kill_r  0x0800e1ec       0x2c /Applications/ArmGNUToolchain/14.3.rel1/arm-none-eabi/bin/../lib/gcc/arm-none-eabi/14.3.1/../../../../arm-none-eabi/lib/thumb/v7e-m+dp/hard/libg.a(libc_a-signalr.o)
                0x0800e1ec                _kill_r
 .text._getpid_r
                0x0800e218        0x4 /Applications/ArmGNUToolchain/14.3.rel1/arm-none-eabi/bin/../lib/gcc/arm-none-eabi/14.3.1/../../../../arm-none-eabi/lib/thumb/v7e-m+dp/hard/libg.a(libc_a-signalr.o)
                0x0800e218                _getpid_r
 .text._getpid  0x0800e21c       0x10 /Applications/ArmGNUToolchain/14.3.rel1/arm-none-eabi/bin/../lib/gcc/arm-none-eabi/14.3.1/../../../../arm-none-eabi/lib/thumb/v7e-m+dp/hard/libnosys.a(getpid.o)
                0x0800e21c                _getpid
 .text._kill    0x0800e22c       0x10 /Applications/ArmGNUToolchain/14.3.rel1/arm-none-eabi/bin/../lib/gcc/arm-none-eabi/14.3.1/../../../../arm-none-eabi/lib/thumb/v7e-m+dp/hard/libnosys.a(kill.o)
                0x0800e22c                _kill
 .text._exit    0x0800e23c        0x4 /Applications/ArmGNUToolchain/14.3.rel1/arm-none-eabi/bin/../lib/gcc/arm-none-eabi/14.3.1/../../../../arm-none-eabi/lib/thumb/v7e-m+dp/hard/libnosys.a(_exit.o)
                0x0800e23c                _exit
 *(.rodata*)
 .rodata.Default_Handler.str1.4
                0x0800e240      0x2ef /var/folders/ht/8ys5k1fx16d978vsb3m0snrc0000gn/T//cciTrbIe.o
                                 0x18 (size before relaxing)
 .rodata.HardFault_Handler.str1.4
                0x0800e52f       0x1b /var/folders/ht/8ys5k1fx16d978vsb3m0snrc0000gn/T//cciTrbIe.o
 .rodata.result.str1.4
                0x0800e52f       0x37 /var/folders/ht/8ys5k1fx16d978vsb3m0snrc0000gn/T//ccjuM18D.o
 .rodata.isr_report.str1.4
                0x0800e52f       0x83 /var/folders/ht/8ys5k1fx16d978vsb3m0snrc0000gn/T//ccjuM18D.o
 .rodata.fx_evict.str1.4
                0x0800e52f       0x19 /var/folders/ht/8ys5k1fx16d978vsb3m0snrc0000gn/T//ccjuM18D.o
 .rodata.run_fixtures.str1.4
                0x0800e52f       0x87 /var/folders/ht/8ys5k1fx16d978vsb3m0snrc0000gn/T//ccjuM18D.o
 .rodata.calibrate.str1.4
                0x0800e52f       0x20 /var/folders/ht/8ys5k1fx16d978vsb3m0snrc0000gn/T//ccjuM18D.o
 .rodata.uart_hex.str1.4
                0x0800e52f        0x3 /var/folders/ht/8ys5k1fx16d978vsb3m0snrc0000gn/T//ccjuM18D.o
 .rodata.main.str1.4
                0x0800e52f      0x13b /var/folders/ht/8ys5k1fx16d978vsb3m0snrc0000gn/T//ccjuM18D.o
 *fill*         0x0800e52f        0x1 
 .rodata.h.0    0x0800e530       0x11 /var/folders/ht/8ys5k1fx16d978vsb3m0snrc0000gn/T//ccjuM18D.o
 *fill*         0x0800e541        0x3 
 .rodata.duties
                0x0800e544       0x10 /var/folders/ht/8ys5k1fx16d978vsb3m0snrc0000gn/T//ccjuM18D.o
 .rodata.str1.1
                0x0800e554     0x131c /Users/nicolas/Documents/git/orieg/expanse/.claude/worktrees/t598/target/thumbv7em-none-eabihf/release/libexpanse.a(expanse.expanse.43895a5c0805d95-cgu.0.rcgu.o)
                                 0xc2 (size before relaxing)
 .rodata..Lanon.e7c09c04cf7933e463f3fee50b45c6b2.1
                0x0800f870       0x10 /Users/nicolas/Documents/git/orieg/expanse/.claude/worktrees/t598/target/thumbv7em-none-eabihf/release/libexpanse.a(expanse.expanse.43895a5c0805d95-cgu.0.rcgu.o)
 .rodata..Lanon.e7c09c04cf7933e463f3fee50b45c6b2.2
                0x0800f880       0x10 /Users/nicolas/Documents/git/orieg/expanse/.claude/worktrees/t598/target/thumbv7em-none-eabihf/release/libexpanse.a(expanse.expanse.43895a5c0805d95-cgu.0.rcgu.o)
 .rodata..Lanon.e7c09c04cf7933e463f3fee50b45c6b2.3
                0x0800f890       0x10 /Users/nicolas/Documents/git/orieg/expanse/.claude/worktrees/t598/target/thumbv7em-none-eabihf/release/libexpanse.a(expanse.expanse.43895a5c0805d95-cgu.0.rcgu.o)
 .rodata..Lanon.e7c09c04cf7933e463f3fee50b45c6b2.4
                0x0800f8a0       0x10 /Users/nicolas/Documents/git/orieg/expanse/.claude/worktrees/t598/target/thumbv7em-none-eabihf/release/libexpanse.a(expanse.expanse.43895a5c0805d95-cgu.0.rcgu.o)
 .rodata..Lanon.e7c09c04cf7933e463f3fee50b45c6b2.5
                0x0800f8b0       0x10 /Users/nicolas/Documents/git/orieg/expanse/.claude/worktrees/t598/target/thumbv7em-none-eabihf/release/libexpanse.a(expanse.expanse.43895a5c0805d95-cgu.0.rcgu.o)
 .rodata..Lanon.e7c09c04cf7933e463f3fee50b45c6b2.6
                0x0800f8c0       0x10 /Users/nicolas/Documents/git/orieg/expanse/.claude/worktrees/t598/target/thumbv7em-none-eabihf/release/libexpanse.a(expanse.expanse.43895a5c0805d95-cgu.0.rcgu.o)
 .rodata..Lanon.e7c09c04cf7933e463f3fee50b45c6b2.7
                0x0800f8d0       0x10 /Users/nicolas/Documents/git/orieg/expanse/.claude/worktrees/t598/target/thumbv7em-none-eabihf/release/libexpanse.a(expanse.expanse.43895a5c0805d95-cgu.0.rcgu.o)
 .rodata..Lanon.e7c09c04cf7933e463f3fee50b45c6b2.8
                0x0800f8e0       0x3e /Users/nicolas/Documents/git/orieg/expanse/.claude/worktrees/t598/target/thumbv7em-none-eabihf/release/libexpanse.a(expanse.expanse.43895a5c0805d95-cgu.0.rcgu.o)
 *fill*         0x0800f91e        0x2 
 .rodata..Lanon.e7c09c04cf7933e463f3fee50b45c6b2.9
                0x0800f920       0x10 /Users/nicolas/Documents/git/orieg/expanse/.claude/worktrees/t598/target/thumbv7em-none-eabihf/release/libexpanse.a(expanse.expanse.43895a5c0805d95-cgu.0.rcgu.o)
 .rodata..Lanon.e7c09c04cf7933e463f3fee50b45c6b2.17
                0x0800f930       0x38 /Users/nicolas/Documents/git/orieg/expanse/.claude/worktrees/t598/target/thumbv7em-none-eabihf/release/libexpanse.a(expanse.expanse.43895a5c0805d95-cgu.0.rcgu.o)
 .rodata..Lanon.e7c09c04cf7933e463f3fee50b45c6b2.18
                0x0800f968       0x10 /Users/nicolas/Documents/git/orieg/expanse/.claude/worktrees/t598/target/thumbv7em-none-eabihf/release/libexpanse.a(expanse.expanse.43895a5c0805d95-cgu.0.rcgu.o)
 .rodata..Lanon.e7c09c04cf7933e463f3fee50b45c6b2.19
                0x0800f978       0x10 /Users/nicolas/Documents/git/orieg/expanse/.claude/worktrees/t598/target/thumbv7em-none-eabihf/release/libexpanse.a(expanse.expanse.43895a5c0805d95-cgu.0.rcgu.o)
 .rodata..Lanon.e7c09c04cf7933e463f3fee50b45c6b2.20
                0x0800f988       0x29 /Users/nicolas/Documents/git/orieg/expanse/.claude/worktrees/t598/target/thumbv7em-none-eabihf/release/libexpanse.a(expanse.expanse.43895a5c0805d95-cgu.0.rcgu.o)
 *fill*         0x0800f9b1        0x3 
 .rodata..Lanon.e7c09c04cf7933e463f3fee50b45c6b2.21
                0x0800f9b4       0x10 /Users/nicolas/Documents/git/orieg/expanse/.claude/worktrees/t598/target/thumbv7em-none-eabihf/release/libexpanse.a(expanse.expanse.43895a5c0805d95-cgu.0.rcgu.o)
 .rodata..Lanon.e7c09c04cf7933e463f3fee50b45c6b2.22
                0x0800f9c4       0x10 /Users/nicolas/Documents/git/orieg/expanse/.claude/worktrees/t598/target/thumbv7em-none-eabihf/release/libexpanse.a(expanse.expanse.43895a5c0805d95-cgu.0.rcgu.o)
 .rodata..Lanon.e7c09c04cf7933e463f3fee50b45c6b2.23
                0x0800f9d4       0x10 /Users/nicolas/Documents/git/orieg/expanse/.claude/worktrees/t598/target/thumbv7em-none-eabihf/release/libexpanse.a(expanse.expanse.43895a5c0805d95-cgu.0.rcgu.o)
 .rodata..Lanon.e7c09c04cf7933e463f3fee50b45c6b2.24
                0x0800f9e4       0x28 /Users/nicolas/Documents/git/orieg/expanse/.claude/worktrees/t598/target/thumbv7em-none-eabihf/release/libexpanse.a(expanse.expanse.43895a5c0805d95-cgu.0.rcgu.o)
 .rodata..Lanon.e7c09c04cf7933e463f3fee50b45c6b2.25
                0x0800fa0c       0x10 /Users/nicolas/Documents/git/orieg/expanse/.claude/worktrees/t598/target/thumbv7em-none-eabihf/release/libexpanse.a(expanse.expanse.43895a5c0805d95-cgu.0.rcgu.o)
 .rodata..Lanon.e7c09c04cf7933e463f3fee50b45c6b2.26
                0x0800fa1c       0x4a /Users/nicolas/Documents/git/orieg/expanse/.claude/worktrees/t598/target/thumbv7em-none-eabihf/release/libexpanse.a(expanse.expanse.43895a5c0805d95-cgu.0.rcgu.o)
 *fill*         0x0800fa66        0x2 
 .rodata..Lanon.e7c09c04cf7933e463f3fee50b45c6b2.27
                0x0800fa68       0x10 /Users/nicolas/Documents/git/orieg/expanse/.claude/worktrees/t598/target/thumbv7em-none-eabihf/release/libexpanse.a(expanse.expanse.43895a5c0805d95-cgu.0.rcgu.o)
 .rodata..Lanon.e7c09c04cf7933e463f3fee50b45c6b2.28
                0x0800fa78       0x10 /Users/nicolas/Documents/git/orieg/expanse/.claude/worktrees/t598/target/thumbv7em-none-eabihf/release/libexpanse.a(expanse.expanse.43895a5c0805d95-cgu.0.rcgu.o)
 .rodata..Lanon.e7c09c04cf7933e463f3fee50b45c6b2.29
                0x0800fa88       0x10 /Users/nicolas/Documents/git/orieg/expanse/.claude/worktrees/t598/target/thumbv7em-none-eabihf/release/libexpanse.a(expanse.expanse.43895a5c0805d95-cgu.0.rcgu.o)
 .rodata..Lanon.e7c09c04cf7933e463f3fee50b45c6b2.30
                0x0800fa98       0x10 /Users/nicolas/Documents/git/orieg/expanse/.claude/worktrees/t598/target/thumbv7em-none-eabihf/release/libexpanse.a(expanse.expanse.43895a5c0805d95-cgu.0.rcgu.o)
 .rodata..Lanon.e7c09c04cf7933e463f3fee50b45c6b2.31
                0x0800faa8        0xd /Users/nicolas/Documents/git/orieg/expanse/.claude/worktrees/t598/target/thumbv7em-none-eabihf/release/libexpanse.a(expanse.expanse.43895a5c0805d95-cgu.0.rcgu.o)
 *fill*         0x0800fab5        0x3 
 .rodata..Lanon.e7c09c04cf7933e463f3fee50b45c6b2.32
                0x0800fab8       0x10 /Users/nicolas/Documents/git/orieg/expanse/.claude/worktrees/t598/target/thumbv7em-none-eabihf/release/libexpanse.a(expanse.expanse.43895a5c0805d95-cgu.0.rcgu.o)
 .rodata..Lanon.e7c09c04cf7933e463f3fee50b45c6b2.33
                0x0800fac8       0x10 /Users/nicolas/Documents/git/orieg/expanse/.claude/worktrees/t598/target/thumbv7em-none-eabihf/release/libexpanse.a(expanse.expanse.43895a5c0805d95-cgu.0.rcgu.o)
 .rodata..Lanon.e7c09c04cf7933e463f3fee50b45c6b2.34
                0x0800fad8       0x10 /Users/nicolas/Documents/git/orieg/expanse/.claude/worktrees/t598/target/thumbv7em-none-eabihf/release/libexpanse.a(expanse.expanse.43895a5c0805d95-cgu.0.rcgu.o)
 .rodata..Lanon.e7c09c04cf7933e463f3fee50b45c6b2.35
                0x0800fae8       0x10 /Users/nicolas/Documents/git/orieg/expanse/.claude/worktrees/t598/target/thumbv7em-none-eabihf/release/libexpanse.a(expanse.expanse.43895a5c0805d95-cgu.0.rcgu.o)
 .rodata..Lanon.e7c09c04cf7933e463f3fee50b45c6b2.36
                0x0800faf8       0x10 /Users/nicolas/Documents/git/orieg/expanse/.claude/worktrees/t598/target/thumbv7em-none-eabihf/release/libexpanse.a(expanse.expanse.43895a5c0805d95-cgu.0.rcgu.o)
 .rodata..Lanon.e7c09c04cf7933e463f3fee50b45c6b2.37
                0x0800fb08       0x10 /Users/nicolas/Documents/git/orieg/expanse/.claude/worktrees/t598/target/thumbv7em-none-eabihf/release/libexpanse.a(expanse.expanse.43895a5c0805d95-cgu.0.rcgu.o)
 .rodata..Lanon.42f172c9114b9770774c7a7f63004dde.0
                0x0800fb18       0x15 /Users/nicolas/Documents/git/orieg/expanse/.claude/worktrees/t598/target/thumbv7em-none-eabihf/release/libexpanse.a(expanse_trie-eb238e83d9d68825.expanse_trie.6fcb78b46f183cd1-cgu.0.rcgu.o)
 .rodata.str1.1
                0x0800fb2d      0x106 /Users/nicolas/Documents/git/orieg/expanse/.claude/worktrees/t598/target/thumbv7em-none-eabihf/release/libexpanse.a(expanse_trie-eb238e83d9d68825.expanse_trie.6fcb78b46f183cd1-cgu.0.rcgu.o)
 *fill*         0x0800fb2d        0x3 
 .rodata..Lanon.42f172c9114b9770774c7a7f63004dde.2
                0x0800fb30       0x10 /Users/nicolas/Documents/git/orieg/expanse/.claude/worktrees/t598/target/thumbv7em-none-eabihf/release/libexpanse.a(expanse_trie-eb238e83d9d68825.expanse_trie.6fcb78b46f183cd1-cgu.0.rcgu.o)
 .rodata..Lanon.42f172c9114b9770774c7a7f63004dde.5
                0x0800fb40       0x10 /Users/nicolas/Documents/git/orieg/expanse/.claude/worktrees/t598/target/thumbv7em-none-eabihf/release/libexpanse.a(expanse_trie-eb238e83d9d68825.expanse_trie.6fcb78b46f183cd1-cgu.0.rcgu.o)
 .rodata..Lanon.42f172c9114b9770774c7a7f63004dde.6
                0x0800fb50       0x10 /Users/nicolas/Documents/git/orieg/expanse/.claude/worktrees/t598/target/thumbv7em-none-eabihf/release/libexpanse.a(expanse_trie-eb238e83d9d68825.expanse_trie.6fcb78b46f183cd1-cgu.0.rcgu.o)
 .rodata..Lanon.42f172c9114b9770774c7a7f63004dde.7
                0x0800fb60       0x10 /Users/nicolas/Documents/git/orieg/expanse/.claude/worktrees/t598/target/thumbv7em-none-eabihf/release/libexpanse.a(expanse_trie-eb238e83d9d68825.expanse_trie.6fcb78b46f183cd1-cgu.0.rcgu.o)
 .rodata..Lanon.42f172c9114b9770774c7a7f63004dde.8
                0x0800fb70       0x10 /Users/nicolas/Documents/git/orieg/expanse/.claude/worktrees/t598/target/thumbv7em-none-eabihf/release/libexpanse.a(expanse_trie-eb238e83d9d68825.expanse_trie.6fcb78b46f183cd1-cgu.0.rcgu.o)
 .rodata..Lanon.42f172c9114b9770774c7a7f63004dde.9
                0x0800fb80       0x28 /Users/nicolas/Documents/git/orieg/expanse/.claude/worktrees/t598/target/thumbv7em-none-eabihf/release/libexpanse.a(expanse_trie-eb238e83d9d68825.expanse_trie.6fcb78b46f183cd1-cgu.0.rcgu.o)
 .rodata..Lanon.42f172c9114b9770774c7a7f63004dde.10
                0x0800fba8       0x10 /Users/nicolas/Documents/git/orieg/expanse/.claude/worktrees/t598/target/thumbv7em-none-eabihf/release/libexpanse.a(expanse_trie-eb238e83d9d68825.expanse_trie.6fcb78b46f183cd1-cgu.0.rcgu.o)
 .rodata..Lanon.42f172c9114b9770774c7a7f63004dde.26
                0x0800fbb8       0x44 /Users/nicolas/Documents/git/orieg/expanse/.claude/worktrees/t598/target/thumbv7em-none-eabihf/release/libexpanse.a(expanse_trie-eb238e83d9d68825.expanse_trie.6fcb78b46f183cd1-cgu.0.rcgu.o)
 .rodata..Lanon.42f172c9114b9770774c7a7f63004dde.27
                0x0800fbfc       0x10 /Users/nicolas/Documents/git/orieg/expanse/.claude/worktrees/t598/target/thumbv7em-none-eabihf/release/libexpanse.a(expanse_trie-eb238e83d9d68825.expanse_trie.6fcb78b46f183cd1-cgu.0.rcgu.o)
 .rodata..Lanon.42f172c9114b9770774c7a7f63004dde.28
                0x0800fc0c       0x38 /Users/nicolas/Documents/git/orieg/expanse/.claude/worktrees/t598/target/thumbv7em-none-eabihf/release/libexpanse.a(expanse_trie-eb238e83d9d68825.expanse_trie.6fcb78b46f183cd1-cgu.0.rcgu.o)
 .rodata..Lanon.42f172c9114b9770774c7a7f63004dde.29
                0x0800fc44       0x10 /Users/nicolas/Documents/git/orieg/expanse/.claude/worktrees/t598/target/thumbv7em-none-eabihf/release/libexpanse.a(expanse_trie-eb238e83d9d68825.expanse_trie.6fcb78b46f183cd1-cgu.0.rcgu.o)
 .rodata..Lanon.42f172c9114b9770774c7a7f63004dde.30
                0x0800fc54       0x10 /Users/nicolas/Documents/git/orieg/expanse/.claude/worktrees/t598/target/thumbv7em-none-eabihf/release/libexpanse.a(expanse_trie-eb238e83d9d68825.expanse_trie.6fcb78b46f183cd1-cgu.0.rcgu.o)
 .rodata..Lanon.42f172c9114b9770774c7a7f63004dde.31
                0x0800fc64       0x40 /Users/nicolas/Documents/git/orieg/expanse/.claude/worktrees/t598/target/thumbv7em-none-eabihf/release/libexpanse.a(expanse_trie-eb238e83d9d68825.expanse_trie.6fcb78b46f183cd1-cgu.0.rcgu.o)
 .rodata..Lanon.42f172c9114b9770774c7a7f63004dde.32
                0x0800fca4       0x10 /Users/nicolas/Documents/git/orieg/expanse/.claude/worktrees/t598/target/thumbv7em-none-eabihf/release/libexpanse.a(expanse_trie-eb238e83d9d68825.expanse_trie.6fcb78b46f183cd1-cgu.0.rcgu.o)
 .rodata..Lanon.42f172c9114b9770774c7a7f63004dde.33
                0x0800fcb4       0x3c /Users/nicolas/Documents/git/orieg/expanse/.claude/worktrees/t598/target/thumbv7em-none-eabihf/release/libexpanse.a(expanse_trie-eb238e83d9d68825.expanse_trie.6fcb78b46f183cd1-cgu.0.rcgu.o)
 .rodata..Lanon.42f172c9114b9770774c7a7f63004dde.34
                0x0800fcf0       0x10 /Users/nicolas/Documents/git/orieg/expanse/.claude/worktrees/t598/target/thumbv7em-none-eabihf/release/libexpanse.a(expanse_trie-eb238e83d9d68825.expanse_trie.6fcb78b46f183cd1-cgu.0.rcgu.o)
 .rodata..Lanon.42f172c9114b9770774c7a7f63004dde.35
                0x0800fd00       0x3e /Users/nicolas/Documents/git/orieg/expanse/.claude/worktrees/t598/target/thumbv7em-none-eabihf/release/libexpanse.a(expanse_trie-eb238e83d9d68825.expanse_trie.6fcb78b46f183cd1-cgu.0.rcgu.o)
 *fill*         0x0800fd3e        0x2 
 .rodata..Lanon.42f172c9114b9770774c7a7f63004dde.36
                0x0800fd40       0x10 /Users/nicolas/Documents/git/orieg/expanse/.claude/worktrees/t598/target/thumbv7em-none-eabihf/release/libexpanse.a(expanse_trie-eb238e83d9d68825.expanse_trie.6fcb78b46f183cd1-cgu.0.rcgu.o)
 .rodata..Lanon.42f172c9114b9770774c7a7f63004dde.37
                0x0800fd50       0x3e /Users/nicolas/Documents/git/orieg/expanse/.claude/worktrees/t598/target/thumbv7em-none-eabihf/release/libexpanse.a(expanse_trie-eb238e83d9d68825.expanse_trie.6fcb78b46f183cd1-cgu.0.rcgu.o)
 *fill*         0x0800fd8e        0x2 
 .rodata..Lanon.42f172c9114b9770774c7a7f63004dde.38
                0x0800fd90       0x10 /Users/nicolas/Documents/git/orieg/expanse/.claude/worktrees/t598/target/thumbv7em-none-eabihf/release/libexpanse.a(expanse_trie-eb238e83d9d68825.expanse_trie.6fcb78b46f183cd1-cgu.0.rcgu.o)
 .rodata..Lanon.42f172c9114b9770774c7a7f63004dde.39
                0x0800fda0       0x10 /Users/nicolas/Documents/git/orieg/expanse/.claude/worktrees/t598/target/thumbv7em-none-eabihf/release/libexpanse.a(expanse_trie-eb238e83d9d68825.expanse_trie.6fcb78b46f183cd1-cgu.0.rcgu.o)
 .rodata..Lanon.42f172c9114b9770774c7a7f63004dde.40
                0x0800fdb0        0xf /Users/nicolas/Documents/git/orieg/expanse/.claude/worktrees/t598/target/thumbv7em-none-eabihf/release/libexpanse.a(expanse_trie-eb238e83d9d68825.expanse_trie.6fcb78b46f183cd1-cgu.0.rcgu.o)
 *fill*         0x0800fdbf        0x1 
 .rodata..Lanon.42f172c9114b9770774c7a7f63004dde.41
                0x0800fdc0       0x10 /Users/nicolas/Documents/git/orieg/expanse/.claude/worktrees/t598/target/thumbv7em-none-eabihf/release/libexpanse.a(expanse_trie-eb238e83d9d68825.expanse_trie.6fcb78b46f183cd1-cgu.0.rcgu.o)
 .rodata..Lanon.42f172c9114b9770774c7a7f63004dde.42
                0x0800fdd0       0x10 /Users/nicolas/Documents/git/orieg/expanse/.claude/worktrees/t598/target/thumbv7em-none-eabihf/release/libexpanse.a(expanse_trie-eb238e83d9d68825.expanse_trie.6fcb78b46f183cd1-cgu.0.rcgu.o)
 .rodata..Lanon.42f172c9114b9770774c7a7f63004dde.43
                0x0800fde0       0x29 /Users/nicolas/Documents/git/orieg/expanse/.claude/worktrees/t598/target/thumbv7em-none-eabihf/release/libexpanse.a(expanse_trie-eb238e83d9d68825.expanse_trie.6fcb78b46f183cd1-cgu.0.rcgu.o)
 *fill*         0x0800fe09        0x3 
 .rodata..Lanon.42f172c9114b9770774c7a7f63004dde.44
                0x0800fe0c       0x10 /Users/nicolas/Documents/git/orieg/expanse/.claude/worktrees/t598/target/thumbv7em-none-eabihf/release/libexpanse.a(expanse_trie-eb238e83d9d68825.expanse_trie.6fcb78b46f183cd1-cgu.0.rcgu.o)
 .rodata..Lanon.42f172c9114b9770774c7a7f63004dde.45
                0x0800fe1c       0x3d /Users/nicolas/Documents/git/orieg/expanse/.claude/worktrees/t598/target/thumbv7em-none-eabihf/release/libexpanse.a(expanse_trie-eb238e83d9d68825.expanse_trie.6fcb78b46f183cd1-cgu.0.rcgu.o)
 *fill*         0x0800fe59        0x3 
 .rodata..Lanon.42f172c9114b9770774c7a7f63004dde.46
                0x0800fe5c       0x10 /Users/nicolas/Documents/git/orieg/expanse/.claude/worktrees/t598/target/thumbv7em-none-eabihf/release/libexpanse.a(expanse_trie-eb238e83d9d68825.expanse_trie.6fcb78b46f183cd1-cgu.0.rcgu.o)
 .rodata..Lanon.42f172c9114b9770774c7a7f63004dde.47
                0x0800fe6c       0x22 /Users/nicolas/Documents/git/orieg/expanse/.claude/worktrees/t598/target/thumbv7em-none-eabihf/release/libexpanse.a(expanse_trie-eb238e83d9d68825.expanse_trie.6fcb78b46f183cd1-cgu.0.rcgu.o)
 *fill*         0x0800fe8e        0x2 
 .rodata..Lanon.42f172c9114b9770774c7a7f63004dde.48
                0x0800fe90       0x10 /Users/nicolas/Documents/git/orieg/expanse/.claude/worktrees/t598/target/thumbv7em-none-eabihf/release/libexpanse.a(expanse_trie-eb238e83d9d68825.expanse_trie.6fcb78b46f183cd1-cgu.0.rcgu.o)
 .rodata..Lanon.42f172c9114b9770774c7a7f63004dde.49
                0x0800fea0       0x10 /Users/nicolas/Documents/git/orieg/expanse/.claude/worktrees/t598/target/thumbv7em-none-eabihf/release/libexpanse.a(expanse_trie-eb238e83d9d68825.expanse_trie.6fcb78b46f183cd1-cgu.0.rcgu.o)
 .rodata..Lanon.42f172c9114b9770774c7a7f63004dde.50
                0x0800feb0       0x10 /Users/nicolas/Documents/git/orieg/expanse/.claude/worktrees/t598/target/thumbv7em-none-eabihf/release/libexpanse.a(expanse_trie-eb238e83d9d68825.expanse_trie.6fcb78b46f183cd1-cgu.0.rcgu.o)
 .rodata..Lanon.42f172c9114b9770774c7a7f63004dde.51
                0x0800fec0       0x10 /Users/nicolas/Documents/git/orieg/expanse/.claude/worktrees/t598/target/thumbv7em-none-eabihf/release/libexpanse.a(expanse_trie-eb238e83d9d68825.expanse_trie.6fcb78b46f183cd1-cgu.0.rcgu.o)
 .rodata..Lanon.42f172c9114b9770774c7a7f63004dde.53
                0x0800fed0       0x10 /Users/nicolas/Documents/git/orieg/expanse/.claude/worktrees/t598/target/thumbv7em-none-eabihf/release/libexpanse.a(expanse_trie-eb238e83d9d68825.expanse_trie.6fcb78b46f183cd1-cgu.0.rcgu.o)
 .rodata..Lanon.42f172c9114b9770774c7a7f63004dde.54
                0x0800fee0       0x10 /Users/nicolas/Documents/git/orieg/expanse/.claude/worktrees/t598/target/thumbv7em-none-eabihf/release/libexpanse.a(expanse_trie-eb238e83d9d68825.expanse_trie.6fcb78b46f183cd1-cgu.0.rcgu.o)
 .rodata..Lanon.42f172c9114b9770774c7a7f63004dde.55
                0x0800fef0       0x10 /Users/nicolas/Documents/git/orieg/expanse/.claude/worktrees/t598/target/thumbv7em-none-eabihf/release/libexpanse.a(expanse_trie-eb238e83d9d68825.expanse_trie.6fcb78b46f183cd1-cgu.0.rcgu.o)
 .rodata..Lanon.42f172c9114b9770774c7a7f63004dde.56
                0x0800ff00       0x10 /Users/nicolas/Documents/git/orieg/expanse/.claude/worktrees/t598/target/thumbv7em-none-eabihf/release/libexpanse.a(expanse_trie-eb238e83d9d68825.expanse_trie.6fcb78b46f183cd1-cgu.0.rcgu.o)
 .rodata..Lanon.42f172c9114b9770774c7a7f63004dde.57
                0x0800ff10       0x10 /Users/nicolas/Documents/git/orieg/expanse/.claude/worktrees/t598/target/thumbv7em-none-eabihf/release/libexpanse.a(expanse_trie-eb238e83d9d68825.expanse_trie.6fcb78b46f183cd1-cgu.0.rcgu.o)
 .rodata..Lanon.42f172c9114b9770774c7a7f63004dde.62
                0x0800ff20       0x10 /Users/nicolas/Documents/git/orieg/expanse/.claude/worktrees/t598/target/thumbv7em-none-eabihf/release/libexpanse.a(expanse_trie-eb238e83d9d68825.expanse_trie.6fcb78b46f183cd1-cgu.0.rcgu.o)
 .rodata..Lanon.42f172c9114b9770774c7a7f63004dde.63
                0x0800ff30       0x10 /Users/nicolas/Documents/git/orieg/expanse/.claude/worktrees/t598/target/thumbv7em-none-eabihf/release/libexpanse.a(expanse_trie-eb238e83d9d68825.expanse_trie.6fcb78b46f183cd1-cgu.0.rcgu.o)
 .rodata..Lanon.42f172c9114b9770774c7a7f63004dde.64
                0x0800ff40       0x10 /Users/nicolas/Documents/git/orieg/expanse/.claude/worktrees/t598/target/thumbv7em-none-eabihf/release/libexpanse.a(expanse_trie-eb238e83d9d68825.expanse_trie.6fcb78b46f183cd1-cgu.0.rcgu.o)
 .rodata..Lanon.42f172c9114b9770774c7a7f63004dde.65
                0x0800ff50       0x10 /Users/nicolas/Documents/git/orieg/expanse/.claude/worktrees/t598/target/thumbv7em-none-eabihf/release/libexpanse.a(expanse_trie-eb238e83d9d68825.expanse_trie.6fcb78b46f183cd1-cgu.0.rcgu.o)
 .rodata..Lanon.42f172c9114b9770774c7a7f63004dde.66
                0x0800ff60       0x10 /Users/nicolas/Documents/git/orieg/expanse/.claude/worktrees/t598/target/thumbv7em-none-eabihf/release/libexpanse.a(expanse_trie-eb238e83d9d68825.expanse_trie.6fcb78b46f183cd1-cgu.0.rcgu.o)
 .rodata..Lanon.42f172c9114b9770774c7a7f63004dde.67
                0x0800ff70       0x10 /Users/nicolas/Documents/git/orieg/expanse/.claude/worktrees/t598/target/thumbv7em-none-eabihf/release/libexpanse.a(expanse_trie-eb238e83d9d68825.expanse_trie.6fcb78b46f183cd1-cgu.0.rcgu.o)
 .rodata..Lanon.42f172c9114b9770774c7a7f63004dde.68
                0x0800ff80       0x10 /Users/nicolas/Documents/git/orieg/expanse/.claude/worktrees/t598/target/thumbv7em-none-eabihf/release/libexpanse.a(expanse_trie-eb238e83d9d68825.expanse_trie.6fcb78b46f183cd1-cgu.0.rcgu.o)
 .rodata..Lanon.42f172c9114b9770774c7a7f63004dde.69
                0x0800ff90        0xd /Users/nicolas/Documents/git/orieg/expanse/.claude/worktrees/t598/target/thumbv7em-none-eabihf/release/libexpanse.a(expanse_trie-eb238e83d9d68825.expanse_trie.6fcb78b46f183cd1-cgu.0.rcgu.o)
 *fill*         0x0800ff9d        0x3 
 .rodata..Lanon.42f172c9114b9770774c7a7f63004dde.70
                0x0800ffa0       0x10 /Users/nicolas/Documents/git/orieg/expanse/.claude/worktrees/t598/target/thumbv7em-none-eabihf/release/libexpanse.a(expanse_trie-eb238e83d9d68825.expanse_trie.6fcb78b46f183cd1-cgu.0.rcgu.o)
 .rodata..Lanon.42f172c9114b9770774c7a7f63004dde.71
                0x0800ffb0       0x10 /Users/nicolas/Documents/git/orieg/expanse/.claude/worktrees/t598/target/thumbv7em-none-eabihf/release/libexpanse.a(expanse_trie-eb238e83d9d68825.expanse_trie.6fcb78b46f183cd1-cgu.0.rcgu.o)
 .rodata..Lanon.42f172c9114b9770774c7a7f63004dde.72
                0x0800ffc0       0x10 /Users/nicolas/Documents/git/orieg/expanse/.claude/worktrees/t598/target/thumbv7em-none-eabihf/release/libexpanse.a(expanse_trie-eb238e83d9d68825.expanse_trie.6fcb78b46f183cd1-cgu.0.rcgu.o)
 .rodata..Lanon.42f172c9114b9770774c7a7f63004dde.73
                0x0800ffd0       0x10 /Users/nicolas/Documents/git/orieg/expanse/.claude/worktrees/t598/target/thumbv7em-none-eabihf/release/libexpanse.a(expanse_trie-eb238e83d9d68825.expanse_trie.6fcb78b46f183cd1-cgu.0.rcgu.o)
 .rodata..Lanon.42f172c9114b9770774c7a7f63004dde.74
                0x0800ffe0       0x10 /Users/nicolas/Documents/git/orieg/expanse/.claude/worktrees/t598/target/thumbv7em-none-eabihf/release/libexpanse.a(expanse_trie-eb238e83d9d68825.expanse_trie.6fcb78b46f183cd1-cgu.0.rcgu.o)
 .rodata..Lanon.42f172c9114b9770774c7a7f63004dde.85
                0x0800fff0       0x10 /Users/nicolas/Documents/git/orieg/expanse/.claude/worktrees/t598/target/thumbv7em-none-eabihf/release/libexpanse.a(expanse_trie-eb238e83d9d68825.expanse_trie.6fcb78b46f183cd1-cgu.0.rcgu.o)
 .rodata..Lanon.42f172c9114b9770774c7a7f63004dde.86
                0x08010000       0x10 /Users/nicolas/Documents/git/orieg/expanse/.claude/worktrees/t598/target/thumbv7em-none-eabihf/release/libexpanse.a(expanse_trie-eb238e83d9d68825.expanse_trie.6fcb78b46f183cd1-cgu.0.rcgu.o)
 .rodata..Lanon.42f172c9114b9770774c7a7f63004dde.87
                0x08010010       0x10 /Users/nicolas/Documents/git/orieg/expanse/.claude/worktrees/t598/target/thumbv7em-none-eabihf/release/libexpanse.a(expanse_trie-eb238e83d9d68825.expanse_trie.6fcb78b46f183cd1-cgu.0.rcgu.o)
 .rodata..Lanon.42f172c9114b9770774c7a7f63004dde.88
                0x08010020       0x3e /Users/nicolas/Documents/git/orieg/expanse/.claude/worktrees/t598/target/thumbv7em-none-eabihf/release/libexpanse.a(expanse_trie-eb238e83d9d68825.expanse_trie.6fcb78b46f183cd1-cgu.0.rcgu.o)
 *fill*         0x0801005e        0x2 
 .rodata..Lanon.42f172c9114b9770774c7a7f63004dde.89
                0x08010060       0x10 /Users/nicolas/Documents/git/orieg/expanse/.claude/worktrees/t598/target/thumbv7em-none-eabihf/release/libexpanse.a(expanse_trie-eb238e83d9d68825.expanse_trie.6fcb78b46f183cd1-cgu.0.rcgu.o)
 .rodata..Lanon.42f172c9114b9770774c7a7f63004dde.90
                0x08010070       0x10 /Users/nicolas/Documents/git/orieg/expanse/.claude/worktrees/t598/target/thumbv7em-none-eabihf/release/libexpanse.a(expanse_trie-eb238e83d9d68825.expanse_trie.6fcb78b46f183cd1-cgu.0.rcgu.o)
 .rodata..Lanon.42f172c9114b9770774c7a7f63004dde.91
                0x08010080       0x10 /Users/nicolas/Documents/git/orieg/expanse/.claude/worktrees/t598/target/thumbv7em-none-eabihf/release/libexpanse.a(expanse_trie-eb238e83d9d68825.expanse_trie.6fcb78b46f183cd1-cgu.0.rcgu.o)
 .rodata..Lanon.42f172c9114b9770774c7a7f63004dde.92
                0x08010090       0x10 /Users/nicolas/Documents/git/orieg/expanse/.claude/worktrees/t598/target/thumbv7em-none-eabihf/release/libexpanse.a(expanse_trie-eb238e83d9d68825.expanse_trie.6fcb78b46f183cd1-cgu.0.rcgu.o)
 .rodata..Lanon.42f172c9114b9770774c7a7f63004dde.94
                0x080100a0       0x4a /Users/nicolas/Documents/git/orieg/expanse/.claude/worktrees/t598/target/thumbv7em-none-eabihf/release/libexpanse.a(expanse_trie-eb238e83d9d68825.expanse_trie.6fcb78b46f183cd1-cgu.0.rcgu.o)
 *fill*         0x080100ea        0x2 
 .rodata..Lanon.42f172c9114b9770774c7a7f63004dde.95
                0x080100ec       0x10 /Users/nicolas/Documents/git/orieg/expanse/.claude/worktrees/t598/target/thumbv7em-none-eabihf/release/libexpanse.a(expanse_trie-eb238e83d9d68825.expanse_trie.6fcb78b46f183cd1-cgu.0.rcgu.o)
 .rodata..Lanon.42f172c9114b9770774c7a7f63004dde.96
                0x080100fc       0x10 /Users/nicolas/Documents/git/orieg/expanse/.claude/worktrees/t598/target/thumbv7em-none-eabihf/release/libexpanse.a(expanse_trie-eb238e83d9d68825.expanse_trie.6fcb78b46f183cd1-cgu.0.rcgu.o)
 .rodata..Lanon.42f172c9114b9770774c7a7f63004dde.97
                0x0801010c       0x10 /Users/nicolas/Documents/git/orieg/expanse/.claude/worktrees/t598/target/thumbv7em-none-eabihf/release/libexpanse.a(expanse_trie-eb238e83d9d68825.expanse_trie.6fcb78b46f183cd1-cgu.0.rcgu.o)
 .rodata..Lanon.42f172c9114b9770774c7a7f63004dde.98
                0x0801011c       0x10 /Users/nicolas/Documents/git/orieg/expanse/.claude/worktrees/t598/target/thumbv7em-none-eabihf/release/libexpanse.a(expanse_trie-eb238e83d9d68825.expanse_trie.6fcb78b46f183cd1-cgu.0.rcgu.o)
 .rodata..Lanon.42f172c9114b9770774c7a7f63004dde.99
                0x0801012c       0x10 /Users/nicolas/Documents/git/orieg/expanse/.claude/worktrees/t598/target/thumbv7em-none-eabihf/release/libexpanse.a(expanse_trie-eb238e83d9d68825.expanse_trie.6fcb78b46f183cd1-cgu.0.rcgu.o)
 .rodata..Lanon.42f172c9114b9770774c7a7f63004dde.100
                0x0801013c       0x10 /Users/nicolas/Documents/git/orieg/expanse/.claude/worktrees/t598/target/thumbv7em-none-eabihf/release/libexpanse.a(expanse_trie-eb238e83d9d68825.expanse_trie.6fcb78b46f183cd1-cgu.0.rcgu.o)
 .rodata..Lanon.42f172c9114b9770774c7a7f63004dde.101
                0x0801014c       0x10 /Users/nicolas/Documents/git/orieg/expanse/.claude/worktrees/t598/target/thumbv7em-none-eabihf/release/libexpanse.a(expanse_trie-eb238e83d9d68825.expanse_trie.6fcb78b46f183cd1-cgu.0.rcgu.o)
 .rodata..Lanon.42f172c9114b9770774c7a7f63004dde.102
                0x0801015c       0x10 /Users/nicolas/Documents/git/orieg/expanse/.claude/worktrees/t598/target/thumbv7em-none-eabihf/release/libexpanse.a(expanse_trie-eb238e83d9d68825.expanse_trie.6fcb78b46f183cd1-cgu.0.rcgu.o)
 .rodata..Lanon.42f172c9114b9770774c7a7f63004dde.103
                0x0801016c       0x10 /Users/nicolas/Documents/git/orieg/expanse/.claude/worktrees/t598/target/thumbv7em-none-eabihf/release/libexpanse.a(expanse_trie-eb238e83d9d68825.expanse_trie.6fcb78b46f183cd1-cgu.0.rcgu.o)
 .rodata..Lanon.42f172c9114b9770774c7a7f63004dde.104
                0x0801017c       0x10 /Users/nicolas/Documents/git/orieg/expanse/.claude/worktrees/t598/target/thumbv7em-none-eabihf/release/libexpanse.a(expanse_trie-eb238e83d9d68825.expanse_trie.6fcb78b46f183cd1-cgu.0.rcgu.o)
 .rodata..Lanon.42f172c9114b9770774c7a7f63004dde.105
                0x0801018c       0x10 /Users/nicolas/Documents/git/orieg/expanse/.claude/worktrees/t598/target/thumbv7em-none-eabihf/release/libexpanse.a(expanse_trie-eb238e83d9d68825.expanse_trie.6fcb78b46f183cd1-cgu.0.rcgu.o)
 .rodata..Lanon.42f172c9114b9770774c7a7f63004dde.106
                0x0801019c       0x10 /Users/nicolas/Documents/git/orieg/expanse/.claude/worktrees/t598/target/thumbv7em-none-eabihf/release/libexpanse.a(expanse_trie-eb238e83d9d68825.expanse_trie.6fcb78b46f183cd1-cgu.0.rcgu.o)
 .rodata..Lanon.42f172c9114b9770774c7a7f63004dde.107
                0x080101ac       0x10 /Users/nicolas/Documents/git/orieg/expanse/.claude/worktrees/t598/target/thumbv7em-none-eabihf/release/libexpanse.a(expanse_trie-eb238e83d9d68825.expanse_trie.6fcb78b46f183cd1-cgu.0.rcgu.o)
 .rodata..Lanon.42f172c9114b9770774c7a7f63004dde.112
                0x080101bc       0x10 /Users/nicolas/Documents/git/orieg/expanse/.claude/worktrees/t598/target/thumbv7em-none-eabihf/release/libexpanse.a(expanse_trie-eb238e83d9d68825.expanse_trie.6fcb78b46f183cd1-cgu.0.rcgu.o)
 .rodata..Lanon.42f172c9114b9770774c7a7f63004dde.113
                0x080101cc       0x10 /Users/nicolas/Documents/git/orieg/expanse/.claude/worktrees/t598/target/thumbv7em-none-eabihf/release/libexpanse.a(expanse_trie-eb238e83d9d68825.expanse_trie.6fcb78b46f183cd1-cgu.0.rcgu.o)
 .rodata..Lanon.42f172c9114b9770774c7a7f63004dde.114
                0x080101dc       0x10 /Users/nicolas/Documents/git/orieg/expanse/.claude/worktrees/t598/target/thumbv7em-none-eabihf/release/libexpanse.a(expanse_trie-eb238e83d9d68825.expanse_trie.6fcb78b46f183cd1-cgu.0.rcgu.o)
 .rodata..Lanon.42f172c9114b9770774c7a7f63004dde.115
                0x080101ec       0x10 /Users/nicolas/Documents/git/orieg/expanse/.claude/worktrees/t598/target/thumbv7em-none-eabihf/release/libexpanse.a(expanse_trie-eb238e83d9d68825.expanse_trie.6fcb78b46f183cd1-cgu.0.rcgu.o)
 .rodata..Lanon.42f172c9114b9770774c7a7f63004dde.116
                0x080101fc       0x10 /Users/nicolas/Documents/git/orieg/expanse/.claude/worktrees/t598/target/thumbv7em-none-eabihf/release/libexpanse.a(expanse_trie-eb238e83d9d68825.expanse_trie.6fcb78b46f183cd1-cgu.0.rcgu.o)
 .rodata..Lanon.42f172c9114b9770774c7a7f63004dde.117
                0x0801020c       0x10 /Users/nicolas/Documents/git/orieg/expanse/.claude/worktrees/t598/target/thumbv7em-none-eabihf/release/libexpanse.a(expanse_trie-eb238e83d9d68825.expanse_trie.6fcb78b46f183cd1-cgu.0.rcgu.o)
 .rodata..Lanon.42f172c9114b9770774c7a7f63004dde.118
                0x0801021c       0x10 /Users/nicolas/Documents/git/orieg/expanse/.claude/worktrees/t598/target/thumbv7em-none-eabihf/release/libexpanse.a(expanse_trie-eb238e83d9d68825.expanse_trie.6fcb78b46f183cd1-cgu.0.rcgu.o)
 .rodata..Lanon.42f172c9114b9770774c7a7f63004dde.119
                0x0801022c       0x10 /Users/nicolas/Documents/git/orieg/expanse/.claude/worktrees/t598/target/thumbv7em-none-eabihf/release/libexpanse.a(expanse_trie-eb238e83d9d68825.expanse_trie.6fcb78b46f183cd1-cgu.0.rcgu.o)
 .rodata..Lanon.42f172c9114b9770774c7a7f63004dde.124
                0x0801023c       0x10 /Users/nicolas/Documents/git/orieg/expanse/.claude/worktrees/t598/target/thumbv7em-none-eabihf/release/libexpanse.a(expanse_trie-eb238e83d9d68825.expanse_trie.6fcb78b46f183cd1-cgu.0.rcgu.o)
 .rodata..Lanon.42f172c9114b9770774c7a7f63004dde.125
                0x0801024c       0x10 /Users/nicolas/Documents/git/orieg/expanse/.claude/worktrees/t598/target/thumbv7em-none-eabihf/release/libexpanse.a(expanse_trie-eb238e83d9d68825.expanse_trie.6fcb78b46f183cd1-cgu.0.rcgu.o)
 .rodata..Lanon.42f172c9114b9770774c7a7f63004dde.126
                0x0801025c       0x10 /Users/nicolas/Documents/git/orieg/expanse/.claude/worktrees/t598/target/thumbv7em-none-eabihf/release/libexpanse.a(expanse_trie-eb238e83d9d68825.expanse_trie.6fcb78b46f183cd1-cgu.0.rcgu.o)
 .rodata..Lanon.42f172c9114b9770774c7a7f63004dde.131
                0x0801026c       0x10 /Users/nicolas/Documents/git/orieg/expanse/.claude/worktrees/t598/target/thumbv7em-none-eabihf/release/libexpanse.a(expanse_trie-eb238e83d9d68825.expanse_trie.6fcb78b46f183cd1-cgu.0.rcgu.o)
 .rodata..Lanon.42f172c9114b9770774c7a7f63004dde.132
                0x0801027c       0x10 /Users/nicolas/Documents/git/orieg/expanse/.claude/worktrees/t598/target/thumbv7em-none-eabihf/release/libexpanse.a(expanse_trie-eb238e83d9d68825.expanse_trie.6fcb78b46f183cd1-cgu.0.rcgu.o)
 .rodata..Lanon.42f172c9114b9770774c7a7f63004dde.133
                0x0801028c       0x10 /Users/nicolas/Documents/git/orieg/expanse/.claude/worktrees/t598/target/thumbv7em-none-eabihf/release/libexpanse.a(expanse_trie-eb238e83d9d68825.expanse_trie.6fcb78b46f183cd1-cgu.0.rcgu.o)
 .rodata..Lanon.42f172c9114b9770774c7a7f63004dde.134
                0x0801029c       0x10 /Users/nicolas/Documents/git/orieg/expanse/.claude/worktrees/t598/target/thumbv7em-none-eabihf/release/libexpanse.a(expanse_trie-eb238e83d9d68825.expanse_trie.6fcb78b46f183cd1-cgu.0.rcgu.o)
 .rodata..Lanon.42f172c9114b9770774c7a7f63004dde.135
                0x080102ac       0x10 /Users/nicolas/Documents/git/orieg/expanse/.claude/worktrees/t598/target/thumbv7em-none-eabihf/release/libexpanse.a(expanse_trie-eb238e83d9d68825.expanse_trie.6fcb78b46f183cd1-cgu.0.rcgu.o)
 .rodata..Lanon.42f172c9114b9770774c7a7f63004dde.136
                0x080102bc       0x10 /Users/nicolas/Documents/git/orieg/expanse/.claude/worktrees/t598/target/thumbv7em-none-eabihf/release/libexpanse.a(expanse_trie-eb238e83d9d68825.expanse_trie.6fcb78b46f183cd1-cgu.0.rcgu.o)
 .rodata..Lanon.42f172c9114b9770774c7a7f63004dde.137
                0x080102cc       0x10 /Users/nicolas/Documents/git/orieg/expanse/.claude/worktrees/t598/target/thumbv7em-none-eabihf/release/libexpanse.a(expanse_trie-eb238e83d9d68825.expanse_trie.6fcb78b46f183cd1-cgu.0.rcgu.o)
 .rodata..Lanon.42f172c9114b9770774c7a7f63004dde.138
                0x080102dc       0x10 /Users/nicolas/Documents/git/orieg/expanse/.claude/worktrees/t598/target/thumbv7em-none-eabihf/release/libexpanse.a(expanse_trie-eb238e83d9d68825.expanse_trie.6fcb78b46f183cd1-cgu.0.rcgu.o)
 .rodata..Lanon.42f172c9114b9770774c7a7f63004dde.139
                0x080102ec       0x10 /Users/nicolas/Documents/git/orieg/expanse/.claude/worktrees/t598/target/thumbv7em-none-eabihf/release/libexpanse.a(expanse_trie-eb238e83d9d68825.expanse_trie.6fcb78b46f183cd1-cgu.0.rcgu.o)
 .rodata..Lanon.42f172c9114b9770774c7a7f63004dde.140
                0x080102fc       0x10 /Users/nicolas/Documents/git/orieg/expanse/.claude/worktrees/t598/target/thumbv7em-none-eabihf/release/libexpanse.a(expanse_trie-eb238e83d9d68825.expanse_trie.6fcb78b46f183cd1-cgu.0.rcgu.o)
 .rodata..Lanon.42f172c9114b9770774c7a7f63004dde.141
                0x0801030c       0x10 /Users/nicolas/Documents/git/orieg/expanse/.claude/worktrees/t598/target/thumbv7em-none-eabihf/release/libexpanse.a(expanse_trie-eb238e83d9d68825.expanse_trie.6fcb78b46f183cd1-cgu.0.rcgu.o)
 .rodata..Lanon.42f172c9114b9770774c7a7f63004dde.142
                0x0801031c       0x10 /Users/nicolas/Documents/git/orieg/expanse/.claude/worktrees/t598/target/thumbv7em-none-eabihf/release/libexpanse.a(expanse_trie-eb238e83d9d68825.expanse_trie.6fcb78b46f183cd1-cgu.0.rcgu.o)
 .rodata..Lanon.42f172c9114b9770774c7a7f63004dde.143
                0x0801032c       0x10 /Users/nicolas/Documents/git/orieg/expanse/.claude/worktrees/t598/target/thumbv7em-none-eabihf/release/libexpanse.a(expanse_trie-eb238e83d9d68825.expanse_trie.6fcb78b46f183cd1-cgu.0.rcgu.o)
 .rodata..Lanon.42f172c9114b9770774c7a7f63004dde.144