==2212== Callgrind, a call-graph generating cache profiler
==2212== Copyright (C) 2002-2017, and GNU GPL'd, by Josef Weidendorfer et al.
==2212== Using Valgrind-3.22.0 and LibVEX; rerun with -h for copyright info
==2212== Command: /t/release/deps/instructions-11b59920f9023368 --iai-run cost 25 0 instructions::cost::strmap_insert
==2212== Parent PID: 2149
==2212== 
--2212-- warning: L3 cache found, using its data for the LL simulation.
--2212-- warning: specified LL cache: line_size 64  assoc 20  total_size 47,185,920
--2212-- warning: simulated LL cache: line_size 64  assoc 23  total_size 48,234,496
==2212== For interactive control, run 'callgrind_control -h'.
==2212== 
==2212== Events    : Ir Dr Dw I1mr D1mr D1mw ILmr DLmr DLmw
==2212== Collected : 45570464 9618068 5439534 5757 139640 22086 613 27 21117
==2212== 
==2212== I   refs:      45,570,464
==2212== I1  misses:         5,757
==2212== LLi misses:           613
==2212== I1  miss rate:       0.01%
==2212== LLi miss rate:       0.00%
==2212== 
==2212== D   refs:      15,057,602  (9,618,068 rd + 5,439,534 wr)
==2212== D1  misses:       161,726  (  139,640 rd +    22,086 wr)
==2212== LLd misses:        21,144  (       27 rd +    21,117 wr)
==2212== D1  miss rate:        1.1% (      1.5%   +       0.4%  )
==2212== LLd miss rate:        0.1% (      0.0%   +       0.4%  )
==2212== 
==2212== LL refs:          167,483  (  145,397 rd +    22,086 wr)
==2212== LL misses:         21,757  (      640 rd +    21,117 wr)
==2212== LL miss rate:         0.0% (      0.0%   +       0.4%  )
