==2238== Callgrind, a call-graph generating cache profiler
==2238== Copyright (C) 2002-2017, and GNU GPL'd, by Josef Weidendorfer et al.
==2238== Using Valgrind-3.22.0 and LibVEX; rerun with -h for copyright info
==2238== Command: /t/release/deps/instructions-11b59920f9023368 --iai-run cost 51 0 instructions::cost::sync_blobmap_insert
==2238== Parent PID: 2149
==2238== 
--2238-- warning: L3 cache found, using its data for the LL simulation.
--2238-- warning: specified LL cache: line_size 64  assoc 20  total_size 47,185,920
--2238-- warning: simulated LL cache: line_size 64  assoc 23  total_size 48,234,496
==2238== For interactive control, run 'callgrind_control -h'.
==2238== 
==2238== Events    : Ir Dr Dw I1mr D1mr D1mw ILmr DLmr DLmw
==2238== Collected : 55398502 12610042 9794887 17149 203571 85552 662 41 56217
==2238== 
==2238== I   refs:      55,398,502
==2238== I1  misses:        17,149
==2238== LLi misses:           662
==2238== I1  miss rate:       0.03%
==2238== LLi miss rate:       0.00%
==2238== 
==2238== D   refs:      22,404,929  (12,610,042 rd + 9,794,887 wr)
==2238== D1  misses:       289,123  (   203,571 rd +    85,552 wr)
==2238== LLd misses:        56,258  (        41 rd +    56,217 wr)
==2238== D1  miss rate:        1.3% (       1.6%   +       0.9%  )
==2238== LLd miss rate:        0.3% (       0.0%   +       0.6%  )
==2238== 
==2238== LL refs:          306,272  (   220,720 rd +    85,552 wr)
==2238== LL misses:         56,920  (       703 rd +    56,217 wr)
==2238== LL miss rate:         0.1% (       0.0%   +       0.6%  )
