==2240== Callgrind, a call-graph generating cache profiler
==2240== Copyright (C) 2002-2017, and GNU GPL'd, by Josef Weidendorfer et al.
==2240== Using Valgrind-3.22.0 and LibVEX; rerun with -h for copyright info
==2240== Command: /t/release/deps/instructions-11b59920f9023368 --iai-run cost 53 0 instructions::cost::sync_blobmap_churn
==2240== Parent PID: 2149
==2240== 
--2240-- warning: L3 cache found, using its data for the LL simulation.
--2240-- warning: specified LL cache: line_size 64  assoc 20  total_size 47,185,920
--2240-- warning: simulated LL cache: line_size 64  assoc 23  total_size 48,234,496
==2240== For interactive control, run 'callgrind_control -h'.
==2240== 
==2240== Events    : Ir Dr Dw I1mr D1mr D1mw ILmr DLmr DLmw
==2240== Collected : 129545291 30565914 21639594 157269 345401 104043 113 2 50220
==2240== 
==2240== I   refs:      129,545,291
==2240== I1  misses:        157,269
==2240== LLi misses:            113
==2240== I1  miss rate:        0.12%
==2240== LLi miss rate:        0.00%
==2240== 
==2240== D   refs:       52,205,508  (30,565,914 rd + 21,639,594 wr)
==2240== D1  misses:        449,444  (   345,401 rd +    104,043 wr)
==2240== LLd misses:         50,222  (         2 rd +     50,220 wr)
==2240== D1  miss rate:         0.9% (       1.1%   +        0.5%  )
==2240== LLd miss rate:         0.1% (       0.0%   +        0.2%  )
==2240== 
==2240== LL refs:           606,713  (   502,670 rd +    104,043 wr)
==2240== LL misses:          50,335  (       115 rd +     50,220 wr)
==2240== LL miss rate:          0.0% (       0.0%   +        0.2%  )
