==2235== Callgrind, a call-graph generating cache profiler
==2235== Copyright (C) 2002-2017, and GNU GPL'd, by Josef Weidendorfer et al.
==2235== Using Valgrind-3.22.0 and LibVEX; rerun with -h for copyright info
==2235== Command: /t/release/deps/instructions-11b59920f9023368 --iai-run cost 48 0 instructions::cost::sync_bytesmap_insert
==2235== Parent PID: 2149
==2235== 
--2235-- warning: L3 cache found, using its data for the LL simulation.
--2235-- warning: specified LL cache: line_size 64  assoc 20  total_size 47,185,920
--2235-- warning: simulated LL cache: line_size 64  assoc 23  total_size 48,234,496
==2235== For interactive control, run 'callgrind_control -h'.
==2235== brk segment overflow in thread #1: can't grow to 0x4858000
==2235== (see section Limitations in user manual)
==2235== NOTE: further instances of this message will not be shown
==2235== 
==2235== Events    : Ir Dr Dw I1mr D1mr D1mw ILmr DLmr DLmw
==2235== Collected : 115675406 23050150 16340387 28870 356727 154399 703 66628 118842
==2235== 
==2235== I   refs:      115,675,406
==2235== I1  misses:         28,870
==2235== LLi misses:            703
==2235== I1  miss rate:        0.02%
==2235== LLi miss rate:        0.00%
==2235== 
==2235== D   refs:       39,390,537  (23,050,150 rd + 16,340,387 wr)
==2235== D1  misses:        511,126  (   356,727 rd +    154,399 wr)
==2235== LLd misses:        185,470  (    66,628 rd +    118,842 wr)
==2235== D1  miss rate:         1.3% (       1.5%   +        0.9%  )
==2235== LLd miss rate:         0.5% (       0.3%   +        0.7%  )
==2235== 
==2235== LL refs:           539,996  (   385,597 rd +    154,399 wr)
==2235== LL misses:         186,173  (    67,331 rd +    118,842 wr)
==2235== LL miss rate:          0.1% (       0.0%   +        0.7%  )
